Component: ARM Compiler 5.06 update 7 (build 960) Tool: armlink [4d3601]

==============================================================================

Section Cross References

    main.o(i.DMA1_Stream5_IRQHandler) refers to stm32f4xx_hal_dma.o(i.HAL_DMA_IRQHandler) for HAL_DMA_IRQHandler
    main.o(i.DMA1_Stream5_IRQHandler) refers to main.o(.bss) for hdma_spi3_tx
    main.o(i.EXTI0_IRQHandler) refers to tasks.o(i.xTaskResumeFromISR) for xTaskResumeFromISR
    main.o(i.EXTI0_IRQHandler) refers to main.o(.data) for xButtonHandler
    main.o(i.InitButton) refers to stm32f4xx_hal_gpio.o(i.HAL_GPIO_Init) for HAL_GPIO_Init
    main.o(i.InitButton) refers to stm32f4xx_hal_cortex.o(i.HAL_NVIC_SetPriority) for HAL_NVIC_SetPriority
    main.o(i.InitButton) refers to stm32f4xx_hal_cortex.o(i.HAL_NVIC_EnableIRQ) for HAL_NVIC_EnableIRQ
    main.o(i.InitButton) refers to main.o(.bss) for GPIO_InitStruct
    main.o(i.InitDMA) refers to stm32f4xx_hal_cortex.o(i.HAL_NVIC_SetPriority) for HAL_NVIC_SetPriority
    main.o(i.InitDMA) refers to stm32f4xx_hal_cortex.o(i.HAL_NVIC_EnableIRQ) for HAL_NVIC_EnableIRQ
    main.o(i.InitGPIO) refers to stm32f4xx_hal_gpio.o(i.HAL_GPIO_WritePin) for HAL_GPIO_WritePin
    main.o(i.InitGPIO) refers to stm32f4xx_hal_gpio.o(i.HAL_GPIO_Init) for HAL_GPIO_Init
    main.o(i.InitI2C1) refers to stm32f4xx_hal_i2c.o(i.HAL_I2C_Init) for HAL_I2C_Init
    main.o(i.InitI2C1) refers to main.o(.bss) for hi2c1
    main.o(i.InitI2S3) refers to stm32f4xx_hal_i2s.o(i.HAL_I2S_Init) for HAL_I2S_Init
    main.o(i.InitI2S3) refers to main.o(.bss) for hi2s3
    main.o(i.InitLED) refers to stm32f4xx_hal_gpio.o(i.HAL_GPIO_Init) for HAL_GPIO_Init
    main.o(i.InitLED) refers to main.o(.bss) for GPIO_InitStruct
    main.o(i.InitServo) refers to stm32f4xx_hal_gpio.o(i.HAL_GPIO_Init) for HAL_GPIO_Init
    main.o(i.InitServo) refers to main.o(.bss) for GPIO_InitStruct
    main.o(i.InitTimer3) refers to stm32f4xx_hal_tim.o(i.HAL_TIM_Base_Init) for HAL_TIM_Base_Init
    main.o(i.InitTimer3) refers to stm32f4xx_hal_tim.o(i.HAL_TIM_Base_Start) for HAL_TIM_Base_Start
    main.o(i.InitTimer3) refers to main.o(.bss) for TIM3_InitStruct
    main.o(i.SetupPWM_TIM3) refers to stm32f4xx_hal_tim.o(i.HAL_TIM_PWM_Init) for HAL_TIM_PWM_Init
    main.o(i.SetupPWM_TIM3) refers to stm32f4xx_hal_tim.o(i.HAL_TIM_PWM_ConfigChannel) for HAL_TIM_PWM_ConfigChannel
    main.o(i.SetupPWM_TIM3) refers to stm32f4xx_hal_tim.o(i.HAL_TIM_PWM_Start) for HAL_TIM_PWM_Start
    main.o(i.SetupPWM_TIM3) refers to main.o(.bss) for TIM3_InitStruct
    main.o(i.SysTick_Handler) refers to stm32f4xx_hal.o(i.HAL_IncTick) for HAL_IncTick
    main.o(i.SysTick_Handler) refers to tasks.o(i.xTaskGetSchedulerState) for xTaskGetSchedulerState
    main.o(i.SysTick_Handler) refers to port.o(i.xPortSysTickHandler) for xPortSysTickHandler
    main.o(i.SystemClock_Config) refers to stm32f4xx_hal_rcc.o(i.HAL_RCC_OscConfig) for HAL_RCC_OscConfig
    main.o(i.SystemClock_Config) refers to stm32f4xx_hal_rcc.o(i.HAL_RCC_ClockConfig) for HAL_RCC_ClockConfig
    main.o(i.SystemClock_Config) refers to stm32f4xx_hal_rcc_ex.o(i.HAL_RCCEx_PeriphCLKConfig) for HAL_RCCEx_PeriphCLKConfig
    main.o(i.allLedsOff) refers to stm32f4xx_hal_gpio.o(i.HAL_GPIO_WritePin) for HAL_GPIO_WritePin
    main.o(i.allLedsOn) refers to stm32f4xx_hal_gpio.o(i.HAL_GPIO_WritePin) for HAL_GPIO_WritePin
    main.o(i.buttonPressTimerCallback) refers to _printf_percent.o(.ARM.Collect$$_printf_percent$$00000000) for _printf_percent
    main.o(i.buttonPressTimerCallback) refers to _printf_d.o(.ARM.Collect$$_printf_percent$$00000009) for _printf_d
    main.o(i.buttonPressTimerCallback) refers to _printf_dec.o(.text) for _printf_int_dec
    main.o(i.buttonPressTimerCallback) refers to noretval__2printf.o(.text) for __2printf
    main.o(i.buttonPressTimerCallback) refers to stm32f4xx_hal_gpio.o(i.HAL_GPIO_WritePin) for HAL_GPIO_WritePin
    main.o(i.buttonPressTimerCallback) refers to main.o(.data) for userButton
    main.o(i.initComposer) refers to main.o(.bss) for musicComposer
    main.o(i.initComposer) refers to main.o(.data) for servosPositions
    main.o(i.main) refers to system_stm32f4xx.o(i.SystemInit) for SystemInit
    main.o(i.main) refers to stm32f4xx_hal.o(i.HAL_Init) for HAL_Init
    main.o(i.main) refers to main.o(i.SystemClock_Config) for SystemClock_Config
    main.o(i.main) refers to main.o(i.InitButton) for InitButton
    main.o(i.main) refers to main.o(i.InitGPIO) for InitGPIO
    main.o(i.main) refers to main.o(i.InitLED) for InitLED
    main.o(i.main) refers to main.o(i.InitServo) for InitServo
    main.o(i.main) refers to main.o(i.InitTimer3) for InitTimer3
    main.o(i.main) refers to main.o(i.SetupPWM_TIM3) for SetupPWM_TIM3
    main.o(i.main) refers to main.o(i.InitDMA) for InitDMA
    main.o(i.main) refers to main.o(i.InitI2C1) for InitI2C1
    main.o(i.main) refers to main.o(i.InitI2S3) for InitI2S3
    main.o(i.main) refers to main.o(i.initComposer) for initComposer
[...]
    __ARM_use_no_argv                        0x00000000   Number         0  main.o ABSOLUTE
    __ARM_exceptions_init                     - Undefined Weak Reference
    __alloca_initialize                       - Undefined Weak Reference
    __arm_fini_                               - Undefined Weak Reference
    __arm_preinit_                            - Undefined Weak Reference
    __cpp_initialize__aeabi_                  - Undefined Weak Reference
    __cxa_finalize                            - Undefined Weak Reference
    __rt_locale                               - Undefined Weak Reference
    __sigvec_lookup                           - Undefined Weak Reference
    __user_heap_extent                        - Undefined Weak Reference
    _atexit_init                              - Undefined Weak Reference
    _call_atexit_fns                          - Undefined Weak Reference
    _clock_init                               - Undefined Weak Reference
    _fp_trap_init                             - Undefined Weak Reference
    _fp_trap_shutdown                         - Undefined Weak Reference
    _get_lc_collate                           - Undefined Weak Reference
    _get_lc_ctype                             - Undefined Weak Reference
    _get_lc_monetary                          - Undefined Weak Reference
    _get_lc_numeric                           - Undefined Weak Reference
    _get_lc_time                              - Undefined Weak Reference
    _getenv_init                              - Undefined Weak Reference
    _handle_redirection                       - Undefined Weak Reference
    _mutex_acquire                            - Undefined Weak Reference
    _mutex_free                               - Undefined Weak Reference
    _mutex_release                            - Undefined Weak Reference
    _printf_mbtowc                            - Undefined Weak Reference
    _printf_post_padding                      - Undefined Weak Reference
    _printf_pre_padding                       - Undefined Weak Reference
    _printf_truncate_signed                   - Undefined Weak Reference
    _printf_truncate_unsigned                 - Undefined Weak Reference
    _rand_init                                - Undefined Weak Reference
    _signal_finish                            - Undefined Weak Reference
    _signal_init                              - Undefined Weak Reference
    __Vectors_Size                           0x00000188   Number         0  startup_stm32f407xx.o ABSOLUTE
    __Vectors                                0x08000000   Data           4  startup_stm32f407xx.o(RESET)
    __Vectors_End                            0x08000188   Data           0  startup_stm32f407xx.o(RESET)
    __main                                   0x08000189   Thumb Code     8  __main.o(!!!main)
    __scatterload                            0x08000191   Thumb Code     0  __scatter.o(!!!scatter)
    __scatterload_rt2                        0x08000191   Thumb Code    44  __scatter.o(!!!scatter)
    __scatterload_rt2_thumb_only             0x08000191   Thumb Code     0  __scatter.o(!!!scatter)
    __scatterload_null                       0x0800019f   Thumb Code     0  __scatter.o(!!!scatter)
    __decompress                             0x080001c5   Thumb Code    90  __dczerorl2.o(!!dczerorl2)
    __decompress1                            0x080001c5   Thumb Code     0  __dczerorl2.o(!!dczerorl2)
    __scatterload_zeroinit                   0x08000221   Thumb Code    28  __scatter_zi.o(!!handler_zi)
    _printf_d                                0x0800023d   Thumb Code     0  _printf_d.o(.ARM.Collect$$_printf_percent$$00000009)
    _printf_percent                          0x0800023d   Thumb Code     0  _printf_percent.o(.ARM.Collect$$_printf_percent$$00000000)
    _printf_s                                0x08000243   Thumb Code     0  _printf_s.o(.ARM.Collect$$_printf_percent$$00000014)
    _printf_percent_end                      0x08000249   Thumb Code     0  _printf_percent_end.o(.ARM.Collect$$_printf_percent$$00000017)
    __rt_lib_init                            0x0800024d   Thumb Code     0  libinit.o(.ARM.Collect$$libinit$$00000000)
    __rt_lib_init_fp_1                       0x0800024f   Thumb Code     0  libinit2.o(.ARM.Collect$$libinit$$00000001)
    __rt_lib_init_heap_2                     0x08000253   Thumb Code     0  libinit2.o(.ARM.Collect$$libinit$$00000005)
    __rt_lib_init_preinit_1                  0x08000253   Thumb Code     0  libinit2.o(.ARM.Collect$$libinit$$00000004)
    __rt_lib_init_atexit_1                   0x0800025b   Thumb Code     0  libinit2.o(.ARM.Collect$$libinit$$0000001B)
    __rt_lib_init_clock_1                    0x0800025b   Thumb Code     0  libinit2.o(.ARM.Collect$$libinit$$00000021)
    __rt_lib_init_fp_trap_1                  0x0800025b   Thumb Code     0  libinit2.o(.ARM.Collect$$libinit$$0000001F)
    __rt_lib_init_getenv_1                   0x0800025b   Thumb Code     0  libinit2.o(.ARM.Collect$$libinit$$00000023)
    __rt_lib_init_heap_1                     0x0800025b   Thumb Code     0  libinit2.o(.ARM.Collect$$libinit$$0000000A)
    __rt_lib_init_lc_collate_1               0x0800025b   Thumb Code     0  libinit2.o(.ARM.Collect$$libinit$$00000011)
    __rt_lib_init_lc_ctype_1                 0x0800025b   Thumb Code     0  libinit2.o(.ARM.Collect$$libinit$$00000013)
    __rt_lib_init_lc_monetary_1              0x0800025b   Thumb Code     0  libinit2.o(.ARM.Collect$$libinit$$00000015)
    __rt_lib_init_lc_numeric_1               0x0800025b   Thumb Code     0  libinit2.o(.ARM.Collect$$libinit$$00000017)
    __rt_lib_init_lc_time_1                  0x0800025b   Thumb Code     0  libinit2.o(.ARM.Collect$$libinit$$00000019)
    __rt_lib_init_rand_1                     0x0800025b   Thumb Code     0  libinit2.o(.ARM.Collect$$libinit$$0000000E)
    __rt_lib_init_signal_1                   0x0800025b   Thumb Code     0  libinit2.o(.ARM.Collect$$libinit$$0000001D)
    __rt_lib_init_stdio_2                    0x0800025b   Thumb Code     0  libinit2.o(.ARM.Collect$$libinit$$00000024)
    __rt_lib_init_user_alloc_1               0x0800025b   Thumb Code     0  libinit2.o(.ARM.Collect$$libinit$$0000000C)
    __rt_lib_init_alloca_1                   0x0800025f   Thumb Code     0  libinit2.o(.ARM.Collect$$libinit$$0000002E)
    __rt_lib_init_argv_1                     0x0800025f   Thumb Code     0  libinit2.o(.ARM.Collect$$libinit$$0000002C)
    __rt_lib_init_cpp_1                      0x0800025f   Thumb Code     0  libinit2.o(.ARM.Collect$$libinit$$00000032)
    __rt_lib_init_exceptions_1               0x0800025f   Thumb Code     0  libinit2.o(.ARM.Collect$$libinit$$00000030)
    __rt_lib_init_return                     0x0800025f   Thumb Code     0  libinit2.o(.ARM.Collect$$libinit$$00000033)
    __rt_lib_init_stdio_1                    0x0800025f   Thumb Code     0  libinit2.o(.ARM.Collect$$libinit$$00000025)
    __rt_lib_shutdown                        0x08000261   Thumb Code     0  libshutdown.o(.ARM.Collect$$libshutdown$$00000000)
    __rt_lib_shutdown_cpp_1                  0x08000263   Thumb Code     0  libshutdown2.o(.ARM.Collect$$libshutdown$$00000004)
    __rt_lib_shutdown_fini_1                 0x08000263   Thumb Code     0  libshutdown2.o(.ARM.Collect$$libshutdown$$00000002)
    __rt_lib_shutdown_stdio_2                0x08000263   Thumb Code     0  libshutdown2.o(.ARM.Collect$$libshutdown$$00000005)
    __rt_lib_shutdown_fp_trap_1              0x08000267   Thumb Code     0  libshutdown2.o(.ARM.Collect$$libshutdown$$00000009)
    __rt_lib_shutdown_heap_1                 0x08000267   Thumb Code     0  libshutdown2.o(.ARM.Collect$$libshutdown$$00000011)
    __rt_lib_shutdown_return                 0x08000267   Thumb Code     0  libshutdown2.o(.ARM.Collect$$libshutdown$$00000012)
    __rt_lib_shutdown_signal_1               0x08000267   Thumb Code     0  libshutdown2.o(.ARM.Collect$$libshutdown$$0000000C)
    __rt_lib_shutdown_stdio_1                0x08000267   Thumb Code     0  libshutdown2.o(.ARM.Collect$$libshutdown$$00000006)
    __rt_lib_shutdown_user_alloc_1           0x08000267   Thumb Code     0  libshutdown2.o(.ARM.Collect$$libshutdown$$0000000E)
    __rt_entry                               0x08000269   Thumb Code     0  __rtentry.o(.ARM.Collect$$rtentry$$00000000)
    __rt_entry_presh_1                       0x08000269   Thumb Code     0  __rtentry2.o(.ARM.Collect$$rtentry$$00000002)
    __rt_entry_sh                            0x08000269   Thumb Code     0  __rtentry4.o(.ARM.Collect$$rtentry$$00000004)
    __rt_entry_li                            0x0800026f   Thumb Code     0  __rtentry2.o(.ARM.Collect$$rtentry$$0000000A)
    __rt_entry_postsh_1                      0x0800026f   Thumb Code     0  __rtentry2.o(.ARM.Collect$$rtentry$$00000009)
    __rt_entry_main                          0x08000273   Thumb Code     0  __rtentry2.o(.ARM.Collect$$rtentry$$0000000D)
    __rt_entry_postli_1                      0x08000273   Thumb Code     0  __rtentry2.o(.ARM.Collect$$rtentry$$0000000C)
    __rt_exit                                0x0800027b   Thumb Code     0  rtexit.o(.ARM.Collect$$rtexit$$00000000)
    __rt_exit_ls                             0x0800027d   Thumb Code     0  rtexit2.o(.ARM.Collect$$rtexit$$00000003)
    __rt_exit_prels_1                        0x0800027d   Thumb Code     0  rtexit2.o(.ARM.Collect$$rtexit$$00000002)
    __rt_exit_exit                           0x08000281   Thumb Code     0  rtexit2.o(.ARM.Collect$$rtexit$$00000004)
    SVC_Handler                              0x08000289   Thumb Code    28  port.o(.emb_text)
    __asm___6_port_c_39a90d8d__prvStartFirstTask 0x080002a9   Thumb Code    36  port.o(.emb_text)
    __asm___6_port_c_39a90d8d__prvEnableVFP  0x080002d1   Thumb Code    16  port.o(.emb_text)
    PendSV_Handler                           0x080002e5   Thumb Code    88  port.o(.emb_text)
    vPortGetIPSR                             0x08000341   Thumb Code     6  port.o(.emb_text)
    Reset_Handler                            0x08000349   Thumb Code     8  startup_stm32f407xx.o(.text)
    _maybe_terminate_alloc                   0x08000349   Thumb Code     0  maybetermalloc1.o(.emb_text)
    NMI_Handler                              0x08000351   Thumb Code     2  startup_stm32f407xx.o(.text)
    HardFault_Handler                        0x08000353   Thumb Code     2  startup_stm32f407xx.o(.text)
    MemManage_Handler                        0x08000355   Thumb Code     2  startup_stm32f407xx.o(.text)
    BusFault_Handler                         0x08000357   Thumb Code     2  startup_stm32f407xx.o(.text)
    UsageFault_Handler                       0x08000359   Thumb Code     2  startup_stm32f407xx.o(.text)
    DebugMon_Handler                         0x0800035d   Thumb Code     2  startup_stm32f407xx.o(.text)
    ADC_IRQHandler                           0x08000363   Thumb Code     0  startup_stm32f407xx.o(.text)
    CAN1_RX0_IRQHandler                      0x08000363   Thumb Code     0  startup_stm32f407xx.o(.text)
    CAN1_RX1_IRQHandler                      0x08000363   Thumb Code     0  startup_stm32f407xx.o(.text)
    CAN1_SCE_IRQHandler                      0x08000363   Thumb Code     0  startup_stm32f407xx.o(.text)
    CAN1_TX_IRQHandler                       0x08000363   Thumb Code     0  startup_stm32f407xx.o(.text)
    CAN2_RX0_IRQHandler                      0x08000363   Thumb Code     0  startup_stm32f407xx.o(.text)
    CAN2_RX1_IRQHandler                      0x08000363   Thumb Code     0  startup_stm32f407xx.o(.text)
    CAN2_SCE_IRQHandler                      0x08000363   Thumb Code     0  startup_stm32f407xx.o(.text)
    CAN2_TX_IRQHandler                       0x08000363   Thumb Code     0  startup_stm32f407xx.o(.text)
    DCMI_IRQHandler                          0x08000363   Thumb Code     0  startup_stm32f407xx.o(.text)
    DMA1_Stream0_IRQHandler                  0x08000363   Thumb Code     0  startup_stm32f407xx.o(.text)
    DMA1_Stream1_IRQHandler                  0x08000363   Thumb Code     0  startup_stm32f407xx.o(.text)
    DMA1_Stream2_IRQHandler                  0x08000363   Thumb Code     0  startup_stm32f407xx.o(.text)
    DMA1_Stream3_IRQHandler                  0x08000363   Thumb Code     0  startup_stm32f407xx.o(.text)
    DMA1_Stream4_IRQHandler                  0x08000363   Thumb Code     0  startup_stm32f407xx.o(.text)
    DMA1_Stream6_IRQHandler                  0x08000363   Thumb Code     0  startup_stm32f407xx.o(.text)
    DMA1_Stream7_IRQHandler                  0x08000363   Thumb Code     0  startup_stm32f407xx.o(.text)
    DMA2_Stream0_IRQHandler                  0x08000363   Thumb Code     0  startup_stm32f407xx.o(.text)
    DMA2_Stream1_IRQHandler                  0x08000363   Thumb Code     0  startup_stm32f407xx.o(.text)
    DMA2_Stream2_IRQHandler                  0x08000363   Thumb Code     0  startup_stm32f407xx.o(.text)
    DMA2_Stream3_IRQHandler                  0x08000363   Thumb Code     0  startup_stm32f407xx.o(.text)
    DMA2_Stream4_IRQHandler                  0x08000363   Thumb Code     0  startup_stm32f407xx.o(.text)
    DMA2_Stream5_IRQHandler                  0x08000363   Thumb Code     0  startup_stm32f407xx.o(.text)
    DMA2_Stream6_IRQHandler                  0x08000363   Thumb Code     0  startup_stm32f407xx.o(.text)
    DMA2_Stream7_IRQHandler                  0x08000363   Thumb Code     0  startup_stm32f407xx.o(.text)
    ETH_IRQHandler                           0x08000363   Thumb Code     0  startup_stm32f407xx.o(.text)
    ETH_WKUP_IRQHandler                      0x08000363   Thumb Code     0  startup_stm32f407xx.o(.text)
    EXTI15_10_IRQHandler                     0x08000363   Thumb Code     0  startup_stm32f407xx.o(.text)
    EXTI1_IRQHandler                         0x08000363   Thumb Code     0  startup_stm32f407xx.o(.text)
    EXTI2_IRQHandler                         0x08000363   Thumb Code     0  startup_stm32f407xx.o(.text)
    EXTI3_IRQHandler                         0x08000363   Thumb Code     0  startup_stm32f407xx.o(.text)
    EXTI4_IRQHandler                         0x08000363   Thumb Code     0  startup_stm32f407xx.o(.text)
    EXTI9_5_IRQHandler                       0x08000363   Thumb Code     0  startup_stm32f407xx.o(.text)
    FLASH_IRQHandler                         0x08000363   Thumb Code     0  startup_stm32f407xx.o(.text)
    FMC_IRQHandler                           0x08000363   Thumb Code     0  startup_stm32f407xx.o(.text)
    FPU_IRQHandler                           0x08000363   Thumb Code     0  startup_stm32f407xx.o(.text)
    HASH_RNG_IRQHandler                      0x08000363   Thumb Code     0  startup_stm32f407xx.o(.text)
    I2C1_ER_IRQHandler                       0x08000363   Thumb Code     0  startup_stm32f407xx.o(.text)
    I2C1_EV_IRQHandler                       0x08000363   Thumb Code     0  startup_stm32f407xx.o(.text)
    I2C2_ER_IRQHandler                       0x08000363   Thumb Code     0  startup_stm32f407xx.o(.text)
    I2C2_EV_IRQHandler                       0x08000363   Thumb Code     0  startup_stm32f407xx.o(.text)
    I2C3_ER_IRQHandler                       0x08000363   Thumb Code     0  startup_stm32f407xx.o(.text)
    I2C3_EV_IRQHandler                       0x08000363   Thumb Code     0  startup_stm32f407xx.o(.text)
    OTG_FS_IRQHandler                        0x08000363   Thumb Code     0  startup_stm32f407xx.o(.text)
    OTG_FS_WKUP_IRQHandler                   0x08000363   Thumb Code     0  startup_stm32f407xx.o(.text)
    OTG_HS_EP1_IN_IRQHandler                 0x08000363   Thumb Code     0  startup_stm32f407xx.o(.text)
    OTG_HS_EP1_OUT_IRQHandler                0x08000363   Thumb Code     0  startup_stm32f407xx.o(.text)
    OTG_HS_IRQHandler                        0x08000363   Thumb Code     0  startup_stm32f407xx.o(.text)
    OTG_HS_WKUP_IRQHandler                   0x08000363   Thumb Code     0  startup_stm32f407xx.o(.text)
    PVD_IRQHandler                           0x08000363   Thumb Code     0  startup_stm32f407xx.o(.text)
    RCC_IRQHandler                           0x08000363   Thumb Code     0  startup_stm32f407xx.o(.text)
    RTC_Alarm_IRQHandler                     0x08000363   Thumb Code     0  startup_stm32f407xx.o(.text)
    RTC_WKUP_IRQHandler                      0x08000363   Thumb Code     0  startup_stm32f407xx.o(.text)
    SDIO_IRQHandler                          0x08000363   Thumb Code     0  startup_stm32f407xx.o(.text)
    SPI1_IRQHandler                          0x08000363   Thumb Code     0  startup_stm32f407xx.o(.text)
    SPI2_IRQHandler                          0x08000363   Thumb Code     0  startup_stm32f407xx.o(.text)
    SPI3_IRQHandler                          0x08000363   Thumb Code     0  startup_stm32f407xx.o(.text)
    TAMP_STAMP_IRQHandler                    0x08000363   Thumb Code     0  startup_stm32f407xx.o(.text)
    TIM1_BRK_TIM9_IRQHandler                 0x08000363   Thumb Code     0  startup_stm32f407xx.o(.text)
    TIM1_CC_IRQHandler                       0x08000363   Thumb Code     0  startup_stm32f407xx.o(.text)
    TIM1_TRG_COM_TIM11_IRQHandler            0x08000363   Thumb Code     0  startup_stm32f407xx.o(.text)
    TIM1_UP_TIM10_IRQHandler                 0x08000363   Thumb Code     0  startup_stm32f407xx.o(.text)
    TIM2_IRQHandler                          0x08000363   Thumb Code     0  startup_stm32f407xx.o(.text)
    TIM3_IRQHandler                          0x08000363   Thumb Code     0  startup_stm32f407xx.o(.text)
    TIM4_IRQHandler                          0x08000363   Thumb Code     0  startup_stm32f407xx.o(.text)
    TIM5_IRQHandler                          0x08000363   Thumb Code     0  startup_stm32f407xx.o(.text)
    TIM6_DAC_IRQHandler                      0x08000363   Thumb Code     0  startup_stm32f407xx.o(.text)
    TIM7_IRQHandler                          0x08000363   Thumb Code     0  startup_stm32f407xx.o(.text)
    TIM8_BRK_TIM12_IRQHandler                0x08000363   Thumb Code     0  startup_stm32f407xx.o(.text)
    TIM8_CC_IRQHandler                       0x08000363   Thumb Code     0  startup_stm32f407xx.o(.text)
    TIM8_TRG_COM_TIM14_IRQHandler            0x08000363   Thumb Code     0  startup_stm32f407xx.o(.text)
    TIM8_UP_TIM13_IRQHandler                 0x08000363   Thumb Code     0  startup_stm32f407xx.o(.text)
    UART4_IRQHandler                         0x08000363   Thumb Code     0  startup_stm32f407xx.o(.text)
    UART5_IRQHandler                         0x08000363   Thumb Code     0  startup_stm32f407xx.o(.text)
    USART1_IRQHandler                        0x08000363   Thumb Code     0  startup_stm32f407xx.o(.text)
    USART2_IRQHandler                        0x08000363   Thumb Code     0  startup_stm32f407xx.o(.text)
    USART3_IRQHandler                        0x08000363   Thumb Code     0  startup_stm32f407xx.o(.text)
    USART6_IRQHandler                        0x08000363   Thumb Code     0  startup_stm32f407xx.o(.text)
    WWDG_IRQHandler                          0x08000363   Thumb Code     0  startup_stm32f407xx.o(.text)
    __user_initial_stackheap                 0x08000365   Thumb Code     0  startup_stm32f407xx.o(.text)
    __aeabi_uldivmod                         0x08000389   Thumb Code     0  lludivv7m.o(.text)
    _ll_udiv                                 0x08000389   Thumb Code   238  lludivv7m.o(.text)
    __2printf                                0x08000479   Thumb Code    20  noretval__2printf.o(.text)
    __printf                                 0x08000491   Thumb Code   104  __printf.o(.text)
    _printf_str                              0x080004f9   Thumb Code    82  _printf_str.o(.text)
    _printf_int_dec                          0x0800054d   Thumb Code   104  _printf_dec.o(.text)
    __aeabi_memcpy                           0x080005c5   Thumb Code     0  rt_memcpy_v6.o(.text)
    __rt_memcpy                              0x080005c5   Thumb Code   138  rt_memcpy_v6.o(.text)
    _memcpy_lastbytes                        0x0800062b   Thumb Code     0  rt_memcpy_v6.o(.text)
    __aeabi_memcpy4                          0x0800064f   Thumb Code     0  rt_memcpy_w.o(.text)
    __aeabi_memcpy8                          0x0800064f   Thumb Code     0  rt_memcpy_w.o(.text)
    __rt_memcpy_w                            0x0800064f   Thumb Code   100  rt_memcpy_w.o(.text)
    _memcpy_lastbytes_aligned                0x08000697   Thumb Code     0  rt_memcpy_w.o(.text)
    __aeabi_memset                           0x080006b3   Thumb Code    16  aeabi_memset.o(.text)
    __aeabi_memclr4                          0x080006c3   Thumb Code     0  rt_memclr_w.o(.text)
    __aeabi_memclr8                          0x080006c3   Thumb Code     0  rt_memclr_w.o(.text)
    __rt_memclr_w                            0x080006c3   Thumb Code    78  rt_memclr_w.o(.text)
    _memset_w                                0x080006c7   Thumb Code     0  rt_memclr_w.o(.text)
    strcmp                                   0x08000711   Thumb Code   128  strcmpv7m.o(.text)
    __use_two_region_memory                  0x08000791   Thumb Code     2  heapauxi.o(.text)
    __rt_heap_escrow                         0x08000793   Thumb Code     2  heapauxi.o(.text)
    __rt_heap_expand                         0x08000795   Thumb Code     2  heapauxi.o(.text)
    __read_errno                             0x08000797   Thumb Code    10  _rserrno.o(.text)
    __set_errno                              0x080007a1   Thumb Code    12  _rserrno.o(.text)
    _printf_int_common                       0x080007ad   Thumb Code   178  _printf_intcommon.o(.text)
    _printf_cs_common                        0x0800085f   Thumb Code    20  _printf_char.o(.text)
    _printf_char                             0x08000873   Thumb Code    16  _printf_char.o(.text)
    _printf_string                           0x08000883   Thumb Code     8  _printf_char.o(.text)
    _printf_char_file                        0x0800088d   Thumb Code    32  _printf_char_file.o(.text)
    __aeabi_memclr                           0x080008b1   Thumb Code     0  rt_memclr.o(.text)
    __rt_memclr                              0x080008b1   Thumb Code    68  rt_memclr.o(.text)
    _memset                                  0x080008b5   Thumb Code     0  rt_memclr.o(.text)
    __aeabi_errno_addr                       0x080008f5   Thumb Code     8  rt_errno_addr_intlibspace.o(.text)
    __errno$intlibspace                      0x080008f5   Thumb Code     0  rt_errno_addr_intlibspace.o(.text)
    __rt_errno_addr$intlibspace              0x080008f5   Thumb Code     0  rt_errno_addr_intlibspace.o(.text)
    _printf_char_common                      0x08000907   Thumb Code    32  _printf_char_common.o(.text)
    ferror                                   0x0800092d   Thumb Code     8  ferror.o(.text)
    _initio                                  0x08000935   Thumb Code   210  initio.o(.text)
    _terminateio                             0x08000a07   Thumb Code    56  initio.o(.text)
    __user_libspace                          0x08000a6d   Thumb Code     8  libspace.o(.text)
    __user_perproc_libspace                  0x08000a6d   Thumb Code     0  libspace.o(.text)
    __user_perthread_libspace                0x08000a6d   Thumb Code     0  libspace.o(.text)
    __user_setup_stackheap                   0x08000a75   Thumb Code    74  sys_stackheap_outer.o(.text)
    free                                     0x08000abf   Thumb Code    78  h1_free.o(.text)
    __flsbuf                                 0x08000b0d   Thumb Code   470  flsbuf.o(.text)
    __flsbuf_byte                            0x08000b0d   Thumb Code     0  flsbuf.o(.text)
    __flsbuf_wide                            0x08000b0d   Thumb Code     0  flsbuf.o(.text)
    setvbuf                                  0x08000ce3   Thumb Code    70  setvbuf.o(.text)
    freopen                                  0x08000d29   Thumb Code   158  fopen.o(.text)
    fopen                                    0x08000dc7   Thumb Code    74  fopen.o(.text)
    _fclose_internal                         0x08000e15   Thumb Code    76  fclose.o(.text)
    fclose                                   0x08000e15   Thumb Code     0  fclose.o(.text)
    exit                                     0x08000e61   Thumb Code    18  exit.o(.text)
    __rt_SIGRTRED                            0x08000e73   Thumb Code    14  defsig_rtred_outer.o(.text)
    __rt_heap_descriptor                     0x08000e81   Thumb Code     8  rt_heap_descriptor_intlibspace.o(.text)
    __use_no_heap                            0x08000e89   Thumb Code     2  hguard.o(.text)
    __heap$guard                             0x08000e8b   Thumb Code     2  hguard.o(.text)
    _terminate_user_alloc                    0x08000e8d   Thumb Code     2  init_alloc.o(.text)
    _init_user_alloc                         0x08000e8f   Thumb Code     2  init_alloc.o(.text)
    __Heap_Full                              0x08000e91   Thumb Code    34  init_alloc.o(.text)
    __Heap_Broken                            0x08000eb3   Thumb Code     6  init_alloc.o(.text)
    _init_alloc                              0x08000eb9   Thumb Code    94  init_alloc.o(.text)
    malloc                                   0x08000f17   Thumb Code    94  h1_alloc.o(.text)
    _fseek                                   0x08000f75   Thumb Code   242  fseek.o(.text)
    fseek                                    0x08000f75   Thumb Code     0  fseek.o(.text)
    _seterr                                  0x0800106d   Thumb Code    20  stdio.o(.text)
    _writebuf                                0x08001081   Thumb Code    84  stdio.o(.text)
    _fflush                                  0x080010d5   Thumb Code    70  stdio.o(.text)
    _deferredlazyseek                        0x0800111b   Thumb Code    60  stdio.o(.text)
    __sig_exit                               0x0800115d   Thumb Code    10  defsig_exit.o(.text)
    __rt_SIGRTRED_inner                      0x08001169   Thumb Code    14  defsig_rtred_inner.o(.text)
    _sys_exit                                0x0800119d   Thumb Code     8  sys_exit.o(.text)
    __Heap_Initialize                        0x080011a9   Thumb Code    10  h1_init.o(.text)
    __Heap_DescSize                          0x080011b3   Thumb Code     4  h1_init.o(.text)
    __Heap_ProvideMemory                     0x080011b7   Thumb Code    52  h1_extend.o(.text)
    _ftell_internal                          0x080011eb   Thumb Code    66  ftell.o(.text)
    ftell                                    0x080011eb   Thumb Code     0  ftell.o(.text)
    __default_signal_display                 0x0800122d   Thumb Code    50  defsig_general.o(.text)
    __rt_SIGRTMEM                            0x0800125f   Thumb Code    14  defsig_rtmem_outer.o(.text)
    _ttywrch                                 0x0800126d   Thumb Code    14  sys_wrch.o(.text)
    __I$use$semihosting                      0x0800127b   Thumb Code     0  use_no_semi.o(.text)
    __use_no_semihosting_swi                 0x0800127b   Thumb Code     2  use_no_semi.o(.text)
    __rt_SIGRTMEM_inner                      0x0800127d   Thumb Code    22  defsig_rtmem_inner.o(.text)
    __semihosting_library_function           0x0800127d   Thumb Code     0  indicate_semi.o(.text)
    CS43_Enable_RightLeft                    0x080012cd   Thumb Code   128  my_cs43l22.o(i.CS43_Enable_RightLeft)
    CS43_Init                                0x08001351   Thumb Code   516  my_cs43l22.o(i.CS43_Init)
    CS43_SetVolume                           0x08001565   Thumb Code    86  my_cs43l22.o(i.CS43_SetVolume)
    CS43_Start                               0x080015c1   Thumb Code   118  my_cs43l22.o(i.CS43_Start)
    CS43_Stop                                0x0800163d   Thumb Code    18  my_cs43l22.o(i.CS43_Stop)
    DMA1_Stream5_IRQHandler                  0x08001655   Thumb Code    10  main.o(i.DMA1_Stream5_IRQHandler)
    EXTI0_IRQHandler                         0x08001771   Thumb Code    38  main.o(i.EXTI0_IRQHandler)
    HAL_DMA_Abort                            0x080017a5   Thumb Code   170  stm32f4xx_hal_dma.o(i.HAL_DMA_Abort)
    HAL_DMA_IRQHandler                       0x08001851   Thumb Code   570  stm32f4xx_hal_dma.o(i.HAL_DMA_IRQHandler)
    HAL_DMA_Init                             0x08001a91   Thumb Code   232  stm32f4xx_hal_dma.o(i.HAL_DMA_Init)
    HAL_DMA_Start_IT                         0x08001b7d   Thumb Code   146  stm32f4xx_hal_dma.o(i.HAL_DMA_Start_IT)
    HAL_GPIO_Init                            0x08001c11   Thumb Code   466  stm32f4xx_hal_gpio.o(i.HAL_GPIO_Init)
    HAL_GPIO_WritePin                        0x08001e11   Thumb Code    12  stm32f4xx_hal_gpio.o(i.HAL_GPIO_WritePin)
    HAL_GetTick                              0x08001e1d   Thumb Code     6  stm32f4xx_hal.o(i.HAL_GetTick)
    HAL_I2C_Init                             0x08001e29   Thumb Code   446  stm32f4xx_hal_i2c.o(i.HAL_I2C_Init)
    HAL_I2C_Master_Receive                   0x08001ff9   Thumb Code   748  stm32f4xx_hal_i2c.o(i.HAL_I2C_Master_Receive)
    HAL_I2C_Master_Transmit                  0x080022f1   Thumb Code   360  stm32f4xx_hal_i2c.o(i.HAL_I2C_Master_Transmit)
    HAL_I2C_MspInit                          0x08002461   Thumb Code   124  stm32f4xx_hal_msp.o(i.HAL_I2C_MspInit)
    HAL_I2SEx_FullDuplex_IRQHandler          0x080024e9   Thumb Code   572  stm32f4xx_hal_i2s_ex.o(i.HAL_I2SEx_FullDuplex_IRQHandler)
    HAL_I2SEx_TxRxCpltCallback               0x0800272d   Thumb Code     2  stm32f4xx_hal_i2s_ex.o(i.HAL_I2SEx_TxRxCpltCallback)
    HAL_I2S_DMAStop                          0x08002731   Thumb Code   726  stm32f4xx_hal_i2s.o(i.HAL_I2S_DMAStop)
    HAL_I2S_ErrorCallback                    0x08002a11   Thumb Code     2  stm32f4xx_hal_i2s.o(i.HAL_I2S_ErrorCallback)
    HAL_I2S_Init                             0x08002a15   Thumb Code   432  stm32f4xx_hal_i2s.o(i.HAL_I2S_Init)
    HAL_I2S_MspInit                          0x08002bd5   Thumb Code   248  stm32f4xx_hal_msp.o(i.HAL_I2S_MspInit)
    HAL_I2S_RxCpltCallback                   0x08002ce5   Thumb Code     2  stm32f4xx_hal_i2s.o(i.HAL_I2S_RxCpltCallback)
    HAL_I2S_Transmit_DMA                     0x08002ce9   Thumb Code   242  stm32f4xx_hal_i2s.o(i.HAL_I2S_Transmit_DMA)
    HAL_I2S_TxCpltCallback                   0x08002de9   Thumb Code     2  stm32f4xx_hal_i2s.o(i.HAL_I2S_TxCpltCallback)
    HAL_I2S_TxHalfCpltCallback               0x08002deb   Thumb Code     2  stm32f4xx_hal_i2s.o(i.HAL_I2S_TxHalfCpltCallback)
    HAL_IncTick                              0x08002ded   Thumb Code    16  stm32f4xx_hal.o(i.HAL_IncTick)
    HAL_Init                                 0x08002e05   Thumb Code    44  stm32f4xx_hal.o(i.HAL_Init)
    HAL_InitTick                             0x08002e35   Thumb Code    64  stm32f4xx_hal.o(i.HAL_InitTick)
    HAL_MspInit                              0x08002e81   Thumb Code    68  stm32f4xx_hal_msp.o(i.HAL_MspInit)
    HAL_NVIC_EnableIRQ                       0x08002ec9   Thumb Code    40  stm32f4xx_hal_cortex.o(i.HAL_NVIC_EnableIRQ)
    HAL_NVIC_SetPriority                     0x08002ef1   Thumb Code   124  stm32f4xx_hal_cortex.o(i.HAL_NVIC_SetPriority)
    HAL_NVIC_SetPriorityGrouping             0x08002f6d   Thumb Code    32  stm32f4xx_hal_cortex.o(i.HAL_NVIC_SetPriorityGrouping)
    HAL_RCCEx_GetPeriphCLKFreq               0x08002f95   Thumb Code   126  stm32f4xx_hal_rcc_ex.o(i.HAL_RCCEx_GetPeriphCLKFreq)
    HAL_RCCEx_PeriphCLKConfig                0x08003025   Thumb Code   396  stm32f4xx_hal_rcc_ex.o(i.HAL_RCCEx_PeriphCLKConfig)
    HAL_RCC_ClockConfig                      0x080031c5   Thumb Code   368  stm32f4xx_hal_rcc.o(i.HAL_RCC_ClockConfig)
    HAL_RCC_GetHCLKFreq                      0x08003349   Thumb Code     6  stm32f4xx_hal_rcc.o(i.HAL_RCC_GetHCLKFreq)
    HAL_RCC_GetPCLK1Freq                     0x08003355   Thumb Code    22  stm32f4xx_hal_rcc.o(i.HAL_RCC_GetPCLK1Freq)
    HAL_RCC_GetSysClockFreq                  0x08003375   Thumb Code   162  stm32f4xx_hal_rcc.o(i.HAL_RCC_GetSysClockFreq)
    HAL_RCC_OscConfig                        0x08003425   Thumb Code  1152  stm32f4xx_hal_rcc.o(i.HAL_RCC_OscConfig)
    HAL_SYSTICK_Config                       0x080038ad   Thumb Code    52  stm32f4xx_hal_cortex.o(i.HAL_SYSTICK_Config)
    HAL_TIM_Base_Init                        0x080038e1   Thumb Code    52  stm32f4xx_hal_tim.o(i.HAL_TIM_Base_Init)
    HAL_TIM_Base_MspInit                     0x08003915   Thumb Code     2  stm32f4xx_hal_tim.o(i.HAL_TIM_Base_MspInit)
    HAL_TIM_Base_Start                       0x08003917   Thumb Code    42  stm32f4xx_hal_tim.o(i.HAL_TIM_Base_Start)
    HAL_TIM_PWM_ConfigChannel                0x08003941   Thumb Code   264  stm32f4xx_hal_tim.o(i.HAL_TIM_PWM_ConfigChannel)
    HAL_TIM_PWM_Init                         0x08003a49   Thumb Code    52  stm32f4xx_hal_tim.o(i.HAL_TIM_PWM_Init)
    HAL_TIM_PWM_MspInit                      0x08003a7d   Thumb Code     2  stm32f4xx_hal_tim.o(i.HAL_TIM_PWM_MspInit)
    HAL_TIM_PWM_Start                        0x08003a81   Thumb Code    80  stm32f4xx_hal_tim.o(i.HAL_TIM_PWM_Start)
    ITM_SendChar                             0x080042dd   Thumb Code    42  retarget_io.o(i.ITM_SendChar)
    InitButton                               0x0800430d   Thumb Code    74  main.o(i.InitButton)
    InitDMA                                  0x08004369   Thumb Code    52  main.o(i.InitDMA)
    InitGPIO                                 0x080043a1   Thumb Code   166  main.o(i.InitGPIO)
    InitI2C1                                 0x08004451   Thumb Code    42  main.o(i.InitI2C1)
    InitI2S3                                 0x08004489   Thumb Code    46  main.o(i.InitI2S3)
    InitLED                                  0x080044c1   Thumb Code    62  main.o(i.InitLED)
    InitServo                                0x0800450d   Thumb Code    62  main.o(i.InitServo)
    InitTimer3                               0x08004559   Thumb Code    76  main.o(i.InitTimer3)
    SetupPWM_TIM3                            0x080045b1   Thumb Code    58  main.o(i.SetupPWM_TIM3)
    SysTick_Handler                          0x080045f5   Thumb Code    20  main.o(i.SysTick_Handler)
    SystemClock_Config                       0x08004609   Thumb Code   162  main.o(i.SystemClock_Config)
    SystemInit                               0x080046b5   Thumb Code    82  system_stm32f4xx.o(i.SystemInit)
    TIM_Base_SetConfig                       0x08004719   Thumb Code   170  stm32f4xx_hal_tim.o(i.TIM_Base_SetConfig)
    TIM_CCxChannelCmd                        0x080047f1   Thumb Code    34  stm32f4xx_hal_tim.o(i.TIM_CCxChannelCmd)
    TIM_OC2_SetConfig                        0x08004885   Thumb Code   114  stm32f4xx_hal_tim.o(i.TIM_OC2_SetConfig)
    __ARM_fpclassifyf                        0x080049cd   Thumb Code    38  fpclassifyf.o(i.__ARM_fpclassifyf)
    __hardfp_sinf                            0x08004a2d   Thumb Code   344  sinf.o(i.__hardfp_sinf)
    __mathlib_flt_infnan                     0x08004bbd   Thumb Code     6  funder.o(i.__mathlib_flt_infnan)
    __mathlib_flt_invalid                    0x08004bc5   Thumb Code    10  funder.o(i.__mathlib_flt_invalid)
    __mathlib_flt_underflow                  0x08004bd5   Thumb Code    10  funder.o(i.__mathlib_flt_underflow)
    __mathlib_rredf2                         0x08004be5   Thumb Code   316  rredf.o(i.__mathlib_rredf2)
    _sys_close                               0x08004d39   Thumb Code    38  retarget_io.o(i._sys_close)
    _sys_flen                                0x08004d5f   Thumb Code    36  retarget_io.o(i._sys_flen)
    _sys_istty                               0x08004d83   Thumb Code    36  retarget_io.o(i._sys_istty)
    _sys_open                                0x08004da9   Thumb Code    80  retarget_io.o(i._sys_open)
    _sys_seek                                0x08004e11   Thumb Code    44  retarget_io.o(i._sys_seek)
    _sys_write                               0x08004e3d   Thumb Code    70  retarget_io.o(i._sys_write)
    allLedsOff                               0x08004e85   Thumb Code    52  main.o(i.allLedsOff)
    allLedsOn                                0x08004ebd   Thumb Code    44  main.o(i.allLedsOn)
    buttonPressTimerCallback                 0x08004eed   Thumb Code    68  main.o(i.buttonPressTimerCallback)
    fputc                                    0x08004f5d   Thumb Code    26  fputc.o(i.fputc)
    initComposer                             0x08004f79   Thumb Code    68  main.o(i.initComposer)
    main                                     0x08004fc9   Thumb Code   164  main.o(i.main)
    pvPortMalloc                             0x08005b6d   Thumb Code   354  heap_4.o(i.pvPortMalloc)
    pxPortInitialiseStack                    0x08005ce9   Thumb Code    38  port.o(i.pxPortInitialiseStack)
    uxListRemove                             0x08005d55   Thumb Code    40  list.o(i.uxListRemove)
    vApplicationMallocFailedHook             0x08005d7d   Thumb Code     4  main.o(i.vApplicationMallocFailedHook)
    vListInitialise                          0x08005d81   Thumb Code    26  list.o(i.vListInitialise)
    vListInitialiseItem                      0x08005d9b   Thumb Code     6  list.o(i.vListInitialiseItem)
    vListInsert                              0x08005da1   Thumb Code    52  list.o(i.vListInsert)
    vListInsertEnd                           0x08005dd5   Thumb Code    24  list.o(i.vListInsertEnd)
    vPortEnterCritical                       0x08005ded   Thumb Code    78  port.o(i.vPortEnterCritical)
    vPortExitCritical                        0x08005e45   Thumb Code    58  port.o(i.vPortExitCritical)
    vPortFree                                0x08005e85   Thumb Code   154  heap_4.o(i.vPortFree)
    vPortSetupTimerInterrupt                 0x08005f2d   Thumb Code    36  port.o(i.vPortSetupTimerInterrupt)
    vPortValidateInterruptPriority           0x08005f55   Thumb Code   110  port.o(i.vPortValidateInterruptPriority)
    vQueueAddToRegistry                      0x08005fd1   Thumb Code    38  queue.o(i.vQueueAddToRegistry)
    vQueueWaitForMessageRestricted           0x08005ffd   Thumb Code    74  queue.o(i.vQueueWaitForMessageRestricted)
    vTaskButton                              0x08006049   Thumb Code    68  main.o(i.vTaskButton)
    vTaskDelay                               0x080060b1   Thumb Code    84  tasks.o(i.vTaskDelay)
    vTaskInternalSetTimeOutState             0x0800610d   Thumb Code    14  tasks.o(i.vTaskInternalSetTimeOutState)
    vTaskMissedYield                         0x08006125   Thumb Code     8  tasks.o(i.vTaskMissedYield)
    vTaskMoveServos                          0x08006131   Thumb Code   102  main.o(i.vTaskMoveServos)
    vTaskPlaceOnEventList                    0x080061c9   Thumb Code    54  tasks.o(i.vTaskPlaceOnEventList)
    vTaskPlaceOnEventListRestricted          0x08006205   Thumb Code    62  tasks.o(i.vTaskPlaceOnEventListRestricted)
    vTaskPlayMusic                           0x08006249   Thumb Code   488  main.o(i.vTaskPlayMusic)
    vTaskSelectLength                        0x08006525   Thumb Code   300  main.o(i.vTaskSelectLength)
    vTaskStartScheduler                      0x080066ed   Thumb Code   124  tasks.o(i.vTaskStartScheduler)
    vTaskSuspend                             0x08006789   Thumb Code   226  tasks.o(i.vTaskSuspend)
    vTaskSuspendAll                          0x0800688d   Thumb Code    12  tasks.o(i.vTaskSuspendAll)
    vTaskSwitchContext                       0x0800689d   Thumb Code   120  tasks.o(i.vTaskSwitchContext)
    xPortStartScheduler                      0x08006955   Thumb Code   338  port.o(i.xPortStartScheduler)
    xPortSysTickHandler                      0x08006ac5   Thumb Code    46  port.o(i.xPortSysTickHandler)
    xQueueGenericCreate                      0x08006af9   Thumb Code   168  queue.o(i.xQueueGenericCreate)
    xQueueGenericReset                       0x08006ba1   Thumb Code   148  queue.o(i.xQueueGenericReset)
    xQueueGenericSend                        0x08006c39   Thumb Code   428  queue.o(i.xQueueGenericSend)
    xQueueGenericSendFromISR                 0x08006de9   Thumb Code   296  queue.o(i.xQueueGenericSendFromISR)
    xQueueReceive                            0x08006f11   Thumb Code   362  queue.o(i.xQueueReceive)
    xTaskCheckForTimeOut                     0x08007081   Thumb Code   140  tasks.o(i.xTaskCheckForTimeOut)
    xTaskCreate                              0x08007115   Thumb Code    96  tasks.o(i.xTaskCreate)
    xTaskGetSchedulerState                   0x08007175   Thumb Code    24  tasks.o(i.xTaskGetSchedulerState)
    xTaskGetTickCount                        0x08007195   Thumb Code     6  tasks.o(i.xTaskGetTickCount)
    xTaskIncrementTick                       0x080071a1   Thumb Code   284  tasks.o(i.xTaskIncrementTick)
    xTaskPriorityDisinherit                  0x080072e9   Thumb Code   178  tasks.o(i.xTaskPriorityDisinherit)
    xTaskRemoveFromEventList                 0x080073a9   Thumb Code   130  tasks.o(i.xTaskRemoveFromEventList)
    xTaskResumeAll                           0x08007445   Thumb Code   226  tasks.o(i.xTaskResumeAll)
    xTaskResumeFromISR                       0x0800754d   Thumb Code   166  tasks.o(i.xTaskResumeFromISR)
    xTimerCreate                             0x0800760d   Thumb Code    54  timers.o(i.xTimerCreate)
    xTimerCreateTimerTask                    0x08007645   Thumb Code    66  timers.o(i.xTimerCreateTimerTask)
    xTimerGenericCommand                     0x0800769d   Thumb Code   128  timers.o(i.xTimerGenericCommand)
    _fp_init                                 0x08007721   Thumb Code    10  fpinit.o(x$fpl$fpinit)
    __fplib_config_fpu_vfp                   0x08007729   Thumb Code     0  fpinit.o(x$fpl$fpinit)
    __fplib_config_pureend_doubles           0x08007729   Thumb Code     0  fpinit.o(x$fpl$fpinit)
    __I$use$fp                               0x0800772a   Number         0  usenofp.o(x$fpl$usenofp)
    __stdin_name                             0x0800772a   Data           7  retarget_io.o(.constdata)
    __stdout_name                            0x08007731   Data           8  retarget_io.o(.constdata)
    __stderr_name                            0x08007739   Data           8  retarget_io.o(.constdata)
    AHBPrescTable                            0x08007749   Data          16  system_stm32f4xx.o(.constdata)
    APBPrescTable                            0x08007759   Data           8  system_stm32f4xx.o(.constdata)
    Region$$Table$$Base                      0x08007784   Number         0  anon$$obj.o(Region$$Table)
    Region$$Table$$Limit                     0x080077a4   Number         0  anon$$obj.o(Region$$Table)
    listTones                                0x20000000   Data          32  main.o(.data)
    servosPositions                          0x20000020   Data          32  main.o(.data)
    listLengths                              0x20000040   Data          16  main.o(.data)
    arrayLed                                 0x20000050   Data           8  main.o(.data)
    xBlueLEDHandler                          0x20000058   Data           4  main.o(.data)
    xButtonHandler                           0x2000005c   Data           4  main.o(.data)
    xSoundHandler                            0x20000060   Data           4  main.o(.data)
    xMoveServosHandler                       0x20000064   Data           4  main.o(.data)
    xLengthHandler                           0x20000068   Data           4  main.o(.data)
    xPlayMusicHandler                        0x2000006c   Data           4  main.o(.data)
    buttonPressTimer                         0x20000070   Data           4  main.o(.data)
    mySinVal                                 0x20000074   Data           4  main.o(.data)
    sample_dt                                0x20000078   Data           4  main.o(.data)
    sample_N                                 0x2000007c   Data           2  main.o(.data)
    i_t                                      0x2000007e   Data           2  main.o(.data)
    myDacVal                                 0x20000080   Data           4  main.o(.data)
    delay                                    0x20000084   Data           4  main.o(.data)
    userButton                               0x20000088   Data           4  main.o(.data)
    SCHED_TYPE                               0x2000008c   Data           4  main.o(.data)
    pxCurrentTCB                             0x20000094   Data           4  tasks.o(.data)
    uxTopUsedPriority                        0x200000cc   Data           4  tasks.o(.data)
    uwTick                                   0x20000114   Data           4  stm32f4xx_hal.o(.data)
    uwTickPrio                               0x20000118   Data           4  stm32f4xx_hal.o(.data)
    uwTickFreq                               0x2000011c   Data           1  stm32f4xx_hal.o(.data)
    SystemCoreClock                          0x20000120   Data           4  system_stm32f4xx.o(.data)
    __aeabi_stdin                            0x20000124   Data           4  stdio_streams.o(.data)
    __aeabi_stdout                           0x20000128   Data           4  stdio_streams.o(.data)
    __aeabi_stderr                           0x2000012c   Data           4  stdio_streams.o(.data)
    listTonesToPlay                          0x20000130   Data          32  main.o(.bss)
    listLengthsToPlay                        0x20000150   Data          32  main.o(.bss)
    GPIO_InitStruct                          0x20000170   Data          20  main.o(.bss)
    TIM_InitStruct                           0x20000184   Data          64  main.o(.bss)
    GPIO_InitStruct_PWM                      0x200001c4   Data          20  main.o(.bss)
    TIM4_InitStruct                          0x200001d8   Data          64  main.o(.bss)
    TIM3_InitStruct                          0x20000218   Data          64  main.o(.bss)
    TIM4_OCInitStructure                     0x20000258   Data          28  main.o(.bss)
    TIM3_OCInitStructure                     0x20000274   Data          28  main.o(.bss)
    hi2c1                                    0x20000290   Data          84  main.o(.bss)
    hi2s3                                    0x200002e4   Data          72  main.o(.bss)
    hdma_spi3_tx                             0x2000032c   Data          96  main.o(.bss)
    dataI2S                                  0x2000038c   Data         200  main.o(.bss)
    musicComposer                            0x20000454   Data          16  main.o(.bss)
    xQueueRegistry                           0x200004b8   Data          64  queue.o(.bss)
    __stdin                                  0x2000a5e8   Data          84  stdio_streams.o(.bss)
    __stdout                                 0x2000a63c   Data          84  stdio_streams.o(.bss)
    __stderr                                 0x2000a690   Data          84  stdio_streams.o(.bss)
    __libspace_start                         0x2000a6e4   Data          96  libspace.o(.bss)
    __temporary_stack_top$libspace           0x2000a744   Data           0  libspace.o(.bss)



==============================================================================

Memory Map of the image

  Image Entry point : 0x08000349

  Load Region LR_1 (Base: 0x08000000, Size: 0x000078d4, Max: 0xffffffff, ABSOLUTE, COMPRESSED[0x00007800])

    Execution Region ER_RO (Exec base: 0x08000000, Load base: 0x08000000, Size: 0x000077a4, Max: 0xffffffff, ABSOLUTE)

    Exec Addr    Load Addr    Size         Type   Attr      Idx    E Section Name        Object

    0x08000000   0x08000000   0x00000188   Data   RO         4588    RESET               startup_stm32f407xx.o
    0x08000188   0x08000188   0x00000008   Code   RO         4681  * !!!main             c_w.l(__main.o)
    0x08000190   0x08000190   0x00000034   Code   RO         5071    !!!scatter          c_w.l(__scatter.o)
    0x080001c4   0x080001c4   0x0000005a   Code   RO         5069    !!dczerorl2         c_w.l(__dczerorl2.o)
    0x0800021e   0x0800021e   0x00000002   PAD
    0x08000220   0x08000220   0x0000001c   Code   RO         5073    !!handler_zi        c_w.l(__scatter_zi.o)
    0x0800023c   0x0800023c   0x00000000   Code   RO         4666    .ARM.Collect$$_printf_percent$$00000000  c_w.l(_printf_percent.o)
    0x0800023c   0x0800023c   0x00000006   Code   RO         4665    .ARM.Collect$$_printf_percent$$00000009  c_w.l(_printf_d.o)
    0x08000242   0x08000242   0x00000006   Code   RO         4664    .ARM.Collect$$_printf_percent$$00000014  c_w.l(_printf_s.o)
    0x08000248   0x08000248   0x00000004   Code   RO         4708    .ARM.Collect$$_printf_percent$$00000017  c_w.l(_printf_percent_end.o)
    0x0800024c   0x0800024c   0x00000002   Code   RO         4868    .ARM.Collect$$libinit$$00000000  c_w.l(libinit.o)
    0x0800024e   0x0800024e   0x00000004   Code   RO         4869    .ARM.Collect$$libinit$$00000001  c_w.l(libinit2.o)
    0x08000252   0x08000252   0x00000000   Code   RO         4872    .ARM.Collect$$libinit$$00000004  c_w.l(libinit2.o)
    0x08000252   0x08000252   0x00000008   Code   RO         4873    .ARM.Collect$$libinit$$00000005  c_w.l(libinit2.o)
    0x0800025a   0x0800025a   0x00000000   Code   RO         4875    .ARM.Collect$$libinit$$0000000A  c_w.l(libinit2.o)
    0x0800025a   0x0800025a   0x00000000   Code   RO         4877    .ARM.Collect$$libinit$$0000000C  c_w.l(libinit2.o)
    0x0800025a   0x0800025a   0x00000000   Code   RO         4879    .ARM.Collect$$libinit$$0000000E  c_w.l(libinit2.o)
    0x0800025a   0x0800025a   0x00000000   Code   RO         4882    .ARM.Collect$$libinit$$00000011  c_w.l(libinit2.o)
    0x0800025a   0x0800025a   0x00000000   Code   RO         4884    .ARM.Collect$$libinit$$00000013  c_w.l(libinit2.o)
    0x0800025a   0x0800025a   0x00000000   Code   RO         4886    .ARM.Collect$$libinit$$00000015  c_w.l(libinit2.o)
    0x0800025a   0x0800025a   0x00000000   Code   RO         4888    .ARM.Collect$$libinit$$00000017  c_w.l(libinit2.o)
    0x0800025a   0x0800025a   0x00000000   Code   RO         4890    .ARM.Collect$$libinit$$00000019  c_w.l(libinit2.o)
    0x0800025a   0x0800025a   0x00000000   Code   RO         4892    .ARM.Collect$$libinit$$0000001B  c_w.l(libinit2.o)
    0x0800025a   0x0800025a   0x00000000   Code   RO         4894    .ARM.Collect$$libinit$$0000001D  c_w.l(libinit2.o)
    0x0800025a   0x0800025a   0x00000000   Code   RO         4896    .ARM.Collect$$libinit$$0000001F  c_w.l(libinit2.o)
    0x0800025a   0x0800025a   0x00000000   Code   RO         4898    .ARM.Collect$$libinit$$00000021  c_w.l(libinit2.o)
    0x0800025a   0x0800025a   0x00000000   Code   RO         4900    .ARM.Collect$$libinit$$00000023  c_w.l(libinit2.o)
    0x0800025a   0x0800025a   0x00000004   Code   RO         4901    .ARM.Collect$$libinit$$00000024  c_w.l(libinit2.o)
    0x0800025e   0x0800025e   0x00000000   Code   RO         4902    .ARM.Collect$$libinit$$00000025  c_w.l(libinit2.o)
    0x0800025e   0x0800025e   0x00000000   Code   RO         4906    .ARM.Collect$$libinit$$0000002C  c_w.l(libinit2.o)
    0x0800025e   0x0800025e   0x00000000   Code   RO         4908    .ARM.Collect$$libinit$$0000002E  c_w.l(libinit2.o)
    0x0800025e   0x0800025e   0x00000000   Code   RO         4910    .ARM.Collect$$libinit$$00000030  c_w.l(libinit2.o)
    0x0800025e   0x0800025e   0x00000000   Code   RO         4912    .ARM.Collect$$libinit$$00000032  c_w.l(libinit2.o)
    0x0800025e   0x0800025e   0x00000002   Code   RO         4913    .ARM.Collect$$libinit$$00000033  c_w.l(libinit2.o)
    0x08000260   0x08000260   0x00000002   Code   RO         5050    .ARM.Collect$$libshutdown$$00000000  c_w.l(libshutdown.o)
    0x08000262   0x08000262   0x00000000   Code   RO         4915    .ARM.Collect$$libshutdown$$00000002  c_w.l(libshutdown2.o)
    0x08000262   0x08000262   0x00000000   Code   RO         4917    .ARM.Collect$$libshutdown$$00000004  c_w.l(libshutdown2.o)
    0x08000262   0x08000262   0x00000004   Code   RO         4918    .ARM.Collect$$libshutdown$$00000005  c_w.l(libshutdown2.o)
    0x08000266   0x08000266   0x00000000   Code   RO         4919    .ARM.Collect$$libshutdown$$00000006  c_w.l(libshutdown2.o)
    0x08000266   0x08000266   0x00000000   Code   RO         4922    .ARM.Collect$$libshutdown$$00000009  c_w.l(libshutdown2.o)
    0x08000266   0x08000266   0x00000000   Code   RO         4925    .ARM.Collect$$libshutdown$$0000000C  c_w.l(libshutdown2.o)
    0x08000266   0x08000266   0x00000000   Code   RO         4927    .ARM.Collect$$libshutdown$$0000000E  c_w.l(libshutdown2.o)
    0x08000266   0x08000266   0x00000000   Code   RO         4930    .ARM.Collect$$libshutdown$$00000011  c_w.l(libshutdown2.o)
    0x08000266   0x08000266   0x00000002   Code   RO         4931    .ARM.Collect$$libshutdown$$00000012  c_w.l(libshutdown2.o)
    0x08000268   0x08000268   0x00000000   Code   RO         4695    .ARM.Collect$$rtentry$$00000000  c_w.l(__rtentry.o)
    0x08000268   0x08000268   0x00000000   Code   RO         4738    .ARM.Collect$$rtentry$$00000002  c_w.l(__rtentry2.o)
    0x08000268   0x08000268   0x00000006   Code   RO         4750    .ARM.Collect$$rtentry$$00000004  c_w.l(__rtentry4.o)
    0x0800026e   0x0800026e   0x00000000   Code   RO         4740    .ARM.Collect$$rtentry$$00000009  c_w.l(__rtentry2.o)
    0x0800026e   0x0800026e   0x00000004   Code   RO         4741    .ARM.Collect$$rtentry$$0000000A  c_w.l(__rtentry2.o)
    0x08000272   0x08000272   0x00000000   Code   RO         4743    .ARM.Collect$$rtentry$$0000000C  c_w.l(__rtentry2.o)
    0x08000272   0x08000272   0x00000008   Code   RO         4744    .ARM.Collect$$rtentry$$0000000D  c_w.l(__rtentry2.o)
    0x0800027a   0x0800027a   0x00000002   Code   RO         4934    .ARM.Collect$$rtexit$$00000000  c_w.l(rtexit.o)
    0x0800027c   0x0800027c   0x00000000   Code   RO         4990    .ARM.Collect$$rtexit$$00000002  c_w.l(rtexit2.o)
    0x0800027c   0x0800027c   0x00000004   Code   RO         4991    .ARM.Collect$$rtexit$$00000003  c_w.l(rtexit2.o)
    0x08000280   0x08000280   0x00000006   Code   RO         4992    .ARM.Collect$$rtexit$$00000004  c_w.l(rtexit2.o)
    0x08000286   0x08000286   0x00000002   PAD
    0x08000288   0x08000288   0x000000be   Code   RO         1567    .emb_text           port.o
    0x08000346   0x08000346   0x00000002   PAD
    0x08000348   0x08000348   0x00000000   Code   RO         4996    .emb_text           c_w.l(maybetermalloc1.o)
    0x08000348   0x08000348   0x00000040   Code   RO         4589  * .text               startup_stm32f407xx.o
    0x08000388   0x08000388   0x000000ee   Code   RO         4632    .text               c_w.l(lludivv7m.o)
    0x08000476   0x08000476   0x00000002   PAD
    0x08000478   0x08000478   0x00000018   Code   RO         4636    .text               c_w.l(noretval__2printf.o)
    0x08000490   0x08000490   0x00000068   Code   RO         4638    .text               c_w.l(__printf.o)
    0x080004f8   0x080004f8   0x00000052   Code   RO         4640    .text               c_w.l(_printf_str.o)
    0x0800054a   0x0800054a   0x00000002   PAD
    0x0800054c   0x0800054c   0x00000078   Code   RO         4642    .text               c_w.l(_printf_dec.o)
    0x080005c4   0x080005c4   0x0000008a   Code   RO         4667    .text               c_w.l(rt_memcpy_v6.o)
    0x0800064e   0x0800064e   0x00000064   Code   RO         4669    .text               c_w.l(rt_memcpy_w.o)
    0x080006b2   0x080006b2   0x00000010   Code   RO         4673    .text               c_w.l(aeabi_memset.o)
    0x080006c2   0x080006c2   0x0000004e   Code   RO         4675    .text               c_w.l(rt_memclr_w.o)
    0x08000710   0x08000710   0x00000080   Code   RO         4677    .text               c_w.l(strcmpv7m.o)
    0x08000790   0x08000790   0x00000006   Code   RO         4679    .text               c_w.l(heapauxi.o)
    0x08000796   0x08000796   0x00000016   Code   RO         4700    .text               c_w.l(_rserrno.o)
    0x080007ac   0x080007ac   0x000000b2   Code   RO         4702    .text               c_w.l(_printf_intcommon.o)
    0x0800085e   0x0800085e   0x0000002c   Code   RO         4704    .text               c_w.l(_printf_char.o)
    0x0800088a   0x0800088a   0x00000002   PAD
    0x0800088c   0x0800088c   0x00000024   Code   RO         4706    .text               c_w.l(_printf_char_file.o)
    0x080008b0   0x080008b0   0x00000044   Code   RO         4715    .text               c_w.l(rt_memclr.o)
    0x080008f4   0x080008f4   0x00000008   Code   RO         4757    .text               c_w.l(rt_errno_addr_intlibspace.o)
    0x080008fc   0x080008fc   0x00000030   Code   RO         4759    .text               c_w.l(_printf_char_common.o)
    0x0800092c   0x0800092c   0x00000008   Code   RO         4761    .text               c_w.l(ferror.o)
    0x08000934   0x08000934   0x00000138   Code   RO         4767    .text               c_w.l(initio.o)
    0x08000a6c   0x08000a6c   0x00000008   Code   RO         4775    .text               c_w.l(libspace.o)
    0x08000a74   0x08000a74   0x0000004a   Code   RO         4780    .text               c_w.l(sys_stackheap_outer.o)
    0x08000abe   0x08000abe   0x0000004e   Code   RO         4784    .text               c_w.l(h1_free.o)
    0x08000b0c   0x08000b0c   0x000001d6   Code   RO         4840    .text               c_w.l(flsbuf.o)
    0x08000ce2   0x08000ce2   0x00000046   Code   RO         4842    .text               c_w.l(setvbuf.o)
    0x08000d28   0x08000d28   0x000000ec   Code   RO         4845    .text               c_w.l(fopen.o)
    0x08000e14   0x08000e14   0x0000004c   Code   RO         4847    .text               c_w.l(fclose.o)
    0x08000e60   0x08000e60   0x00000012   Code   RO         4853    .text               c_w.l(exit.o)
    0x08000e72   0x08000e72   0x0000000e   Code   RO         4859    .text               c_w.l(defsig_rtred_outer.o)
    0x08000e80   0x08000e80   0x00000008   Code   RO         4941    .text               c_w.l(rt_heap_descriptor_intlibspace.o)
    0x08000e88   0x08000e88   0x00000004   Code   RO         4943    .text               c_w.l(hguard.o)
    0x08000e8c   0x08000e8c   0x0000008a   Code   RO         4945    .text               c_w.l(init_alloc.o)
    0x08000f16   0x08000f16   0x0000005e   Code   RO         4951    .text               c_w.l(h1_alloc.o)
    0x08000f74   0x08000f74   0x000000f8   Code   RO         4967    .text               c_w.l(fseek.o)
    0x0800106c   0x0800106c   0x000000f0   Code   RO         4969    .text               c_w.l(stdio.o)
    0x0800115c   0x0800115c   0x0000000a   Code   RO         4975    .text               c_w.l(defsig_exit.o)
    0x08001166   0x08001166   0x00000002   PAD
    0x08001168   0x08001168   0x00000034   Code   RO         4979    .text               c_w.l(defsig_rtred_inner.o)
    0x0800119c   0x0800119c   0x0000000c   Code   RO         4987    .text               c_w.l(sys_exit.o)
    0x080011a8   0x080011a8   0x0000000e   Code   RO         4998    .text               c_w.l(h1_init.o)
    0x080011b6   0x080011b6   0x00000034   Code   RO         5000    .text               c_w.l(h1_extend.o)
    0x080011ea   0x080011ea   0x00000042   Code   RO         5010    .text               c_w.l(ftell.o)
    0x0800122c   0x0800122c   0x00000032   Code   RO         5018    .text               c_w.l(defsig_general.o)
    0x0800125e   0x0800125e   0x0000000e   Code   RO         5020    .text               c_w.l(defsig_rtmem_outer.o)
    0x0800126c   0x0800126c   0x0000000e   Code   RO         5033    .text               c_w.l(sys_wrch.o)
    0x0800127a   0x0800127a   0x00000002   Code   RO         5037    .text               c_w.l(use_no_semi.o)
    0x0800127c   0x0800127c   0x00000000   Code   RO         5039    .text               c_w.l(indicate_semi.o)
    0x0800127c   0x0800127c   0x00000050   Code   RO         5044    .text               c_w.l(defsig_rtmem_inner.o)
    0x080012cc   0x080012cc   0x00000084   Code   RO          340    i.CS43_Enable_RightLeft  my_cs43l22.o
    0x08001350   0x08001350   0x00000214   Code   RO          341    i.CS43_Init         my_cs43l22.o
    0x08001564   0x08001564   0x0000005c   Code   RO          342    i.CS43_SetVolume    my_cs43l22.o
    0x080015c0   0x080015c0   0x0000007c   Code   RO          343    i.CS43_Start        my_cs43l22.o
    0x0800163c   0x0800163c   0x00000018   Code   RO          344    i.CS43_Stop         my_cs43l22.o
    0x08001654   0x08001654   0x00000010   Code   RO            4    i.DMA1_Stream5_IRQHandler  main.o
    0x08001664   0x08001664   0x00000034   Code   RO         2280    i.DMA_CalcBaseAndBitshift  stm32f4xx_hal_dma.o
    0x08001698   0x08001698   0x000000aa   Code   RO         2281    i.DMA_CheckFifoParam  stm32f4xx_hal_dma.o
    0x08001742   0x08001742   0x0000002c   Code   RO         2282    i.DMA_SetConfig     stm32f4xx_hal_dma.o
    0x0800176e   0x0800176e   0x00000002   PAD
    0x08001770   0x08001770   0x00000034   Code   RO            5    i.EXTI0_IRQHandler  main.o
    0x080017a4   0x080017a4   0x000000aa   Code   RO         2283    i.HAL_DMA_Abort     stm32f4xx_hal_dma.o
    0x0800184e   0x0800184e   0x00000002   PAD
    0x08001850   0x08001850   0x00000240   Code   RO         2288    i.HAL_DMA_IRQHandler  stm32f4xx_hal_dma.o
    0x08001a90   0x08001a90   0x000000ec   Code   RO         2289    i.HAL_DMA_Init      stm32f4xx_hal_dma.o
    0x08001b7c   0x08001b7c   0x00000092   Code   RO         2293    i.HAL_DMA_Start_IT  stm32f4xx_hal_dma.o
    0x08001c0e   0x08001c0e   0x00000002   PAD
    0x08001c10   0x08001c10   0x00000200   Code   RO         2502    i.HAL_GPIO_Init     stm32f4xx_hal_gpio.o
    0x08001e10   0x08001e10   0x0000000c   Code   RO         2506    i.HAL_GPIO_WritePin  stm32f4xx_hal_gpio.o
    0x08001e1c   0x08001e1c   0x0000000c   Code   RO         1742    i.HAL_GetTick       stm32f4xx_hal.o
    0x08001e28   0x08001e28   0x000001d0   Code   RO         2576    i.HAL_I2C_Init      stm32f4xx_hal_i2c.o
    0x08001ff8   0x08001ff8   0x000002f8   Code   RO         2582    i.HAL_I2C_Master_Receive  stm32f4xx_hal_i2c.o
    0x080022f0   0x080022f0   0x00000170   Code   RO         2589    i.HAL_I2C_Master_Transmit  stm32f4xx_hal_i2c.o
    0x08002460   0x08002460   0x00000088   Code   RO          406    i.HAL_I2C_MspInit   stm32f4xx_hal_msp.o
    0x080024e8   0x080024e8   0x00000244   Code   RO         3226    i.HAL_I2SEx_FullDuplex_IRQHandler  stm32f4xx_hal_i2s_ex.o
    0x0800272c   0x0800272c   0x00000002   Code   RO         3230    i.HAL_I2SEx_TxRxCpltCallback  stm32f4xx_hal_i2s_ex.o
    0x0800272e   0x0800272e   0x00000002   PAD
    0x08002730   0x08002730   0x000002e0   Code   RO         3039    i.HAL_I2S_DMAStop   stm32f4xx_hal_i2s.o
    0x08002a10   0x08002a10   0x00000002   Code   RO         3041    i.HAL_I2S_ErrorCallback  stm32f4xx_hal_i2s.o
    0x08002a12   0x08002a12   0x00000002   PAD
    0x08002a14   0x08002a14   0x000001c0   Code   RO         3045    i.HAL_I2S_Init      stm32f4xx_hal_i2s.o
    0x08002bd4   0x08002bd4   0x00000110   Code   RO          408    i.HAL_I2S_MspInit   stm32f4xx_hal_msp.o
    0x08002ce4   0x08002ce4   0x00000002   Code   RO         3051    i.HAL_I2S_RxCpltCallback  stm32f4xx_hal_i2s.o
    0x08002ce6   0x08002ce6   0x00000002   PAD
    0x08002ce8   0x08002ce8   0x00000100   Code   RO         3054    i.HAL_I2S_Transmit_DMA  stm32f4xx_hal_i2s.o
    0x08002de8   0x08002de8   0x00000002   Code   RO         3056    i.HAL_I2S_TxCpltCallback  stm32f4xx_hal_i2s.o
    0x08002dea   0x08002dea   0x00000002   Code   RO         3057    i.HAL_I2S_TxHalfCpltCallback  stm32f4xx_hal_i2s.o
    0x08002dec   0x08002dec   0x00000018   Code   RO         1748    i.HAL_IncTick       stm32f4xx_hal.o
    0x08002e04   0x08002e04   0x00000030   Code   RO         1749    i.HAL_Init          stm32f4xx_hal.o
    0x08002e34   0x08002e34   0x0000004c   Code   RO         1750    i.HAL_InitTick      stm32f4xx_hal.o
    0x08002e80   0x08002e80   0x00000048   Code   RO          409    i.HAL_MspInit       stm32f4xx_hal_msp.o
    0x08002ec8   0x08002ec8   0x00000028   Code   RO         1920    i.HAL_NVIC_EnableIRQ  stm32f4xx_hal_cortex.o
    0x08002ef0   0x08002ef0   0x0000007c   Code   RO         1926    i.HAL_NVIC_SetPriority  stm32f4xx_hal_cortex.o
    0x08002f6c   0x08002f6c   0x00000028   Code   RO         1927    i.HAL_NVIC_SetPriorityGrouping  stm32f4xx_hal_cortex.o
    0x08002f94   0x08002f94   0x00000090   Code   RO         3599    i.HAL_RCCEx_GetPeriphCLKFreq  stm32f4xx_hal_rcc_ex.o
    0x08003024   0x08003024   0x000001a0   Code   RO         3600    i.HAL_RCCEx_PeriphCLKConfig  stm32f4xx_hal_rcc_ex.o
    0x080031c4   0x080031c4   0x00000184   Code   RO         3495    i.HAL_RCC_ClockConfig  stm32f4xx_hal_rcc.o
    0x08003348   0x08003348   0x0000000c   Code   RO         3500    i.HAL_RCC_GetHCLKFreq  stm32f4xx_hal_rcc.o
    0x08003354   0x08003354   0x00000020   Code   RO         3502    i.HAL_RCC_GetPCLK1Freq  stm32f4xx_hal_rcc.o
    0x08003374   0x08003374   0x000000b0   Code   RO         3504    i.HAL_RCC_GetSysClockFreq  stm32f4xx_hal_rcc.o
    0x08003424   0x08003424   0x00000488   Code   RO         3507    i.HAL_RCC_OscConfig  stm32f4xx_hal_rcc.o
    0x080038ac   0x080038ac   0x00000034   Code   RO         1931    i.HAL_SYSTICK_Config  stm32f4xx_hal_cortex.o
    0x080038e0   0x080038e0   0x00000034   Code   RO         3652    i.HAL_TIM_Base_Init  stm32f4xx_hal_tim.o
    0x08003914   0x08003914   0x00000002   Code   RO         3654    i.HAL_TIM_Base_MspInit  stm32f4xx_hal_tim.o
    0x08003916   0x08003916   0x0000002a   Code   RO         3655    i.HAL_TIM_Base_Start  stm32f4xx_hal_tim.o
    0x08003940   0x08003940   0x00000108   Code   RO         3719    i.HAL_TIM_PWM_ConfigChannel  stm32f4xx_hal_tim.o
    0x08003a48   0x08003a48   0x00000034   Code   RO         3722    i.HAL_TIM_PWM_Init  stm32f4xx_hal_tim.o
    0x08003a7c   0x08003a7c   0x00000002   Code   RO         3724    i.HAL_TIM_PWM_MspInit  stm32f4xx_hal_tim.o
    0x08003a7e   0x08003a7e   0x00000002   PAD
    0x08003a80   0x08003a80   0x00000058   Code   RO         3727    i.HAL_TIM_PWM_Start  stm32f4xx_hal_tim.o
    0x08003ad8   0x08003ad8   0x0000003e   Code   RO         2619    i.I2C_IsAcknowledgeFailed  stm32f4xx_hal_i2c.o
    0x08003b16   0x08003b16   0x00000002   PAD
    0x08003b18   0x08003b18   0x00000138   Code   RO         2622    i.I2C_MasterRequestRead  stm32f4xx_hal_i2c.o
    0x08003c50   0x08003c50   0x000000c0   Code   RO         2623    i.I2C_MasterRequestWrite  stm32f4xx_hal_i2c.o
    0x08003d10   0x08003d10   0x0000005c   Code   RO         2639    i.I2C_WaitOnBTFFlagUntilTimeout  stm32f4xx_hal_i2c.o
    0x08003d6c   0x08003d6c   0x00000086   Code   RO         2640    i.I2C_WaitOnFlagUntilTimeout  stm32f4xx_hal_i2c.o
    0x08003df2   0x08003df2   0x000000c4   Code   RO         2641    i.I2C_WaitOnMasterAddressFlagUntilTimeout  stm32f4xx_hal_i2c.o
    0x08003eb6   0x08003eb6   0x00000080   Code   RO         2642    i.I2C_WaitOnRXNEFlagUntilTimeout  stm32f4xx_hal_i2c.o
    0x08003f36   0x08003f36   0x0000005c   Code   RO         2645    i.I2C_WaitOnTXEFlagUntilTimeout  stm32f4xx_hal_i2c.o
    0x08003f92   0x08003f92   0x0000003a   Code   RO         3233    i.I2SEx_RxISR_I2S   stm32f4xx_hal_i2s_ex.o
    0x08003fcc   0x08003fcc   0x0000006c   Code   RO         3234    i.I2SEx_RxISR_I2SExt  stm32f4xx_hal_i2s_ex.o
    0x08004038   0x08004038   0x00000038   Code   RO         3235    i.I2SEx_TxISR_I2S   stm32f4xx_hal_i2s_ex.o
    0x08004070   0x08004070   0x0000006c   Code   RO         3236    i.I2SEx_TxISR_I2SExt  stm32f4xx_hal_i2s_ex.o
    0x080040dc   0x080040dc   0x0000002e   Code   RO         3058    i.I2S_DMAError      stm32f4xx_hal_i2s.o
    0x0800410a   0x0800410a   0x00000028   Code   RO         3061    i.I2S_DMATxCplt     stm32f4xx_hal_i2s.o
    0x08004132   0x08004132   0x0000000e   Code   RO         3062    i.I2S_DMATxHalfCplt  stm32f4xx_hal_i2s.o
    0x08004140   0x08004140   0x000000dc   Code   RO         3063    i.I2S_IRQHandler    stm32f4xx_hal_i2s.o
    0x0800421c   0x0800421c   0x00000036   Code   RO         3064    i.I2S_Receive_IT    stm32f4xx_hal_i2s.o
    0x08004252   0x08004252   0x00000036   Code   RO         3065    i.I2S_Transmit_IT   stm32f4xx_hal_i2s.o
    0x08004288   0x08004288   0x00000054   Code   RO         3066    i.I2S_WaitFlagStateUntilTimeout  stm32f4xx_hal_i2s.o
    0x080042dc   0x080042dc   0x00000030   Code   RO         1645    i.ITM_SendChar      retarget_io.o
    0x0800430c   0x0800430c   0x0000005c   Code   RO            6    i.InitButton        main.o
    0x08004368   0x08004368   0x00000038   Code   RO            7    i.InitDMA           main.o
    0x080043a0   0x080043a0   0x000000b0   Code   RO            8    i.InitGPIO          main.o
    0x08004450   0x08004450   0x00000038   Code   RO            9    i.InitI2C1          main.o
    0x08004488   0x08004488   0x00000038   Code   RO           10    i.InitI2S3          main.o
    0x080044c0   0x080044c0   0x0000004c   Code   RO           11    i.InitLED           main.o
    0x0800450c   0x0800450c   0x0000004c   Code   RO           12    i.InitServo         main.o
    0x08004558   0x08004558   0x00000058   Code   RO           13    i.InitTimer3        main.o
    0x080045b0   0x080045b0   0x00000044   Code   RO           14    i.SetupPWM_TIM3     main.o
    0x080045f4   0x080045f4   0x00000014   Code   RO           15    i.SysTick_Handler   main.o
    0x08004608   0x08004608   0x000000ac   Code   RO           16    i.SystemClock_Config  main.o
    0x080046b4   0x080046b4   0x00000064   Code   RO         4597    i.SystemInit        system_stm32f4xx.o
    0x08004718   0x08004718   0x000000d8   Code   RO         3740    i.TIM_Base_SetConfig  stm32f4xx_hal_tim.o
    0x080047f0   0x080047f0   0x00000022   Code   RO         3741    i.TIM_CCxChannelCmd  stm32f4xx_hal_tim.o
    0x08004812   0x08004812   0x00000002   PAD
    0x08004814   0x08004814   0x00000070   Code   RO         3753    i.TIM_OC1_SetConfig  stm32f4xx_hal_tim.o
    0x08004884   0x08004884   0x0000007c   Code   RO         3754    i.TIM_OC2_SetConfig  stm32f4xx_hal_tim.o
    0x08004900   0x08004900   0x00000078   Code   RO         3755    i.TIM_OC3_SetConfig  stm32f4xx_hal_tim.o
    0x08004978   0x08004978   0x00000054   Code   RO         3756    i.TIM_OC4_SetConfig  stm32f4xx_hal_tim.o
    0x080049cc   0x080049cc   0x00000026   Code   RO         4718    i.__ARM_fpclassifyf  m_wm.l(fpclassifyf.o)
    0x080049f2   0x080049f2   0x00000002   PAD
    0x080049f4   0x080049f4   0x00000010   Code   RO         1933    i.__NVIC_GetPriorityGrouping  stm32f4xx_hal_cortex.o
    0x08004a04   0x08004a04   0x00000028   Code   RO         1934    i.__NVIC_SetPriority  stm32f4xx_hal_cortex.o
    0x08004a2c   0x08004a2c   0x00000190   Code   RO         4683    i.__hardfp_sinf     m_wm.l(sinf.o)
    0x08004bbc   0x08004bbc   0x00000006   Code   RO         4721    i.__mathlib_flt_infnan  m_wm.l(funder.o)
    0x08004bc2   0x08004bc2   0x00000002   PAD
    0x08004bc4   0x08004bc4   0x00000010   Code   RO         4723    i.__mathlib_flt_invalid  m_wm.l(funder.o)
    0x08004bd4   0x08004bd4   0x00000010   Code   RO         4726    i.__mathlib_flt_underflow  m_wm.l(funder.o)
    0x08004be4   0x08004be4   0x00000154   Code   RO         4734    i.__mathlib_rredf2  m_wm.l(rredf.o)
    0x08004d38   0x08004d38   0x00000026   Code   RO         1646    i._sys_close        retarget_io.o
    0x08004d5e   0x08004d5e   0x00000024   Code   RO         1647    i._sys_flen         retarget_io.o
    0x08004d82   0x08004d82   0x00000024   Code   RO         1648    i._sys_istty        retarget_io.o
    0x08004da6   0x08004da6   0x00000002   PAD
    0x08004da8   0x08004da8   0x00000068   Code   RO         1649    i._sys_open         retarget_io.o
    0x08004e10   0x08004e10   0x0000002c   Code   RO         1651    i._sys_seek         retarget_io.o
    0x08004e3c   0x08004e3c   0x00000046   Code   RO         1652    i._sys_write        retarget_io.o
    0x08004e82   0x08004e82   0x00000002   PAD
    0x08004e84   0x08004e84   0x00000038   Code   RO           17    i.allLedsOff        main.o
    0x08004ebc   0x08004ebc   0x00000030   Code   RO           18    i.allLedsOn         main.o
    0x08004eec   0x08004eec   0x00000070   Code   RO           19    i.buttonPressTimerCallback  main.o
    0x08004f5c   0x08004f5c   0x0000001a   Code   RO         4764    i.fputc             c_w.l(fputc.o)
    0x08004f76   0x08004f76   0x00000002   PAD
    0x08004f78   0x08004f78   0x00000050   Code   RO           20    i.initComposer      main.o
    0x08004fc8   0x08004fc8   0x0000011c   Code   RO           21    i.main              main.o
    0x080050e4   0x080050e4   0x00000098   Code   RO          988    i.prvAddCurrentTaskToDelayedList  tasks.o
    0x0800517c   0x0800517c   0x000000b8   Code   RO          989    i.prvAddNewTaskToReadyList  tasks.o
    0x08005234   0x08005234   0x00000064   Code   RO         1352    i.prvCheckForValidListAndQueue  timers.o
    0x08005298   0x08005298   0x00000048   Code   RO          990    i.prvCheckTasksWaitingTermination  tasks.o
    0x080052e0   0x080052e0   0x0000002a   Code   RO          611    i.prvCopyDataFromQueue  queue.o
    0x0800530a   0x0800530a   0x0000007e   Code   RO          612    i.prvCopyDataToQueue  queue.o
    0x08005388   0x08005388   0x00000012   Code   RO          991    i.prvDeleteTCB      tasks.o
    0x0800539a   0x0800539a   0x00000002   PAD
    0x0800539c   0x0800539c   0x00000028   Code   RO         1353    i.prvGetNextExpireTime  timers.o
    0x080053c4   0x080053c4   0x0000007c   Code   RO         1512    i.prvHeapInit       heap_4.o
    0x08005440   0x08005440   0x00000028   Code   RO          992    i.prvIdleTask       tasks.o
    0x08005468   0x08005468   0x0000002a   Code   RO          615    i.prvInitialiseNewQueue  queue.o
    0x08005492   0x08005492   0x000000c0   Code   RO          993    i.prvInitialiseNewTask  tasks.o
    0x08005552   0x08005552   0x0000005c   Code   RO         1354    i.prvInitialiseNewTimer  timers.o
    0x080055ae   0x080055ae   0x00000002   PAD
    0x080055b0   0x080055b0   0x00000068   Code   RO          994    i.prvInitialiseTaskLists  tasks.o
    0x08005618   0x08005618   0x00000068   Code   RO         1513    i.prvInsertBlockIntoFreeList  heap_4.o
    0x08005680   0x08005680   0x00000058   Code   RO         1355    i.prvInsertTimerInActiveList  timers.o
    0x080056d8   0x080056d8   0x0000001a   Code   RO          616    i.prvIsQueueEmpty   queue.o
    0x080056f2   0x080056f2   0x0000001e   Code   RO          617    i.prvIsQueueFull    queue.o
    0x08005710   0x08005710   0x00000074   Code   RO         1356    i.prvProcessExpiredTimer  timers.o
    0x08005784   0x08005784   0x0000013c   Code   RO         1357    i.prvProcessReceivedCommands  timers.o
    0x080058c0   0x080058c0   0x00000074   Code   RO         1358    i.prvProcessTimerOrBlockTask  timers.o
    0x08005934   0x08005934   0x00000030   Code   RO          996    i.prvResetNextTaskUnblockTime  tasks.o
    0x08005964   0x08005964   0x0000002c   Code   RO         1359    i.prvSampleTimeNow  timers.o
    0x08005990   0x08005990   0x000000a4   Code   RO         1360    i.prvSwitchTimerLists  timers.o
    0x08005a34   0x08005a34   0x00000044   Code   RO         1568    i.prvTaskExitError  port.o
    0x08005a78   0x08005a78   0x0000005c   Code   RO          998    i.prvTaskIsTaskSuspended  tasks.o
    0x08005ad4   0x08005ad4   0x0000001a   Code   RO         1361    i.prvTimerTask      timers.o
    0x08005aee   0x08005aee   0x0000007e   Code   RO          618    i.prvUnlockQueue    queue.o
    0x08005b6c   0x08005b6c   0x0000017c   Code   RO         1514    i.pvPortMalloc      heap_4.o
    0x08005ce8   0x08005ce8   0x0000002c   Code   RO         1569    i.pxPortInitialiseStack  port.o
    0x08005d14   0x08005d14   0x00000034   Code   RO          345    i.read_register     my_cs43l22.o
    0x08005d48   0x08005d48   0x0000000c   Code   RO         1653    i.stdout_putchar    retarget_io.o
    0x08005d54   0x08005d54   0x00000028   Code   RO          571    i.uxListRemove      list.o
    0x08005d7c   0x08005d7c   0x00000004   Code   RO           23    i.vApplicationMallocFailedHook  main.o
    0x08005d80   0x08005d80   0x0000001a   Code   RO          572    i.vListInitialise   list.o
    0x08005d9a   0x08005d9a   0x00000006   Code   RO          573    i.vListInitialiseItem  list.o
    0x08005da0   0x08005da0   0x00000034   Code   RO          574    i.vListInsert       list.o
    0x08005dd4   0x08005dd4   0x00000018   Code   RO          575    i.vListInsertEnd    list.o
    0x08005dec   0x08005dec   0x00000058   Code   RO         1571    i.vPortEnterCritical  port.o
    0x08005e44   0x08005e44   0x00000040   Code   RO         1572    i.vPortExitCritical  port.o
    0x08005e84   0x08005e84   0x000000a8   Code   RO         1515    i.vPortFree         heap_4.o
    0x08005f2c   0x08005f2c   0x00000028   Code   RO         1573    i.vPortSetupTimerInterrupt  port.o
    0x08005f54   0x08005f54   0x0000007c   Code   RO         1574    i.vPortValidateInterruptPriority  port.o
    0x08005fd0   0x08005fd0   0x0000002c   Code   RO          624    i.vQueueAddToRegistry  queue.o
    0x08005ffc   0x08005ffc   0x0000004a   Code   RO          628    i.vQueueWaitForMessageRestricted  queue.o
    0x08006046   0x08006046   0x00000002   PAD
    0x08006048   0x08006048   0x00000068   Code   RO           26    i.vTaskButton       main.o
    0x080060b0   0x080060b0   0x0000005c   Code   RO         1008    i.vTaskDelay        tasks.o
    0x0800610c   0x0800610c   0x00000018   Code   RO         1013    i.vTaskInternalSetTimeOutState  tasks.o
    0x08006124   0x08006124   0x0000000c   Code   RO         1014    i.vTaskMissedYield  tasks.o
    0x08006130   0x08006130   0x00000098   Code   RO           27    i.vTaskMoveServos   main.o
    0x080061c8   0x080061c8   0x0000003c   Code   RO         1015    i.vTaskPlaceOnEventList  tasks.o
    0x08006204   0x08006204   0x00000044   Code   RO         1016    i.vTaskPlaceOnEventListRestricted  tasks.o
    0x08006248   0x08006248   0x000002dc   Code   RO           28    i.vTaskPlayMusic    main.o
    0x08006524   0x08006524   0x000001c8   Code   RO           29    i.vTaskSelectLength  main.o
    0x080066ec   0x080066ec   0x0000009c   Code   RO         1024    i.vTaskStartScheduler  tasks.o
    0x08006788   0x08006788   0x00000104   Code   RO         1025    i.vTaskSuspend      tasks.o
    0x0800688c   0x0800688c   0x00000010   Code   RO         1026    i.vTaskSuspendAll   tasks.o
    0x0800689c   0x0800689c   0x0000008c   Code   RO         1027    i.vTaskSwitchContext  tasks.o
    0x08006928   0x08006928   0x0000002c   Code   RO          346    i.write_register    my_cs43l22.o
    0x08006954   0x08006954   0x00000170   Code   RO         1575    i.xPortStartScheduler  port.o
    0x08006ac4   0x08006ac4   0x00000034   Code   RO         1576    i.xPortSysTickHandler  port.o
    0x08006af8   0x08006af8   0x000000a8   Code   RO          631    i.xQueueGenericCreate  queue.o
    0x08006ba0   0x08006ba0   0x00000098   Code   RO          632    i.xQueueGenericReset  queue.o
    0x08006c38   0x08006c38   0x000001b0   Code   RO          633    i.xQueueGenericSend  queue.o
    0x08006de8   0x08006de8   0x00000128   Code   RO          634    i.xQueueGenericSendFromISR  queue.o
    0x08006f10   0x08006f10   0x00000170   Code   RO          641    i.xQueueReceive     queue.o
    0x08007080   0x08007080   0x00000094   Code   RO         1029    i.xTaskCheckForTimeOut  tasks.o
    0x08007114   0x08007114   0x00000060   Code   RO         1030    i.xTaskCreate       tasks.o
    0x08007174   0x08007174   0x00000020   Code   RO         1037    i.xTaskGetSchedulerState  tasks.o
    0x08007194   0x08007194   0x0000000c   Code   RO         1038    i.xTaskGetTickCount  tasks.o
    0x080071a0   0x080071a0   0x00000148   Code   RO         1040    i.xTaskIncrementTick  tasks.o
    0x080072e8   0x080072e8   0x000000c0   Code   RO         1041    i.xTaskPriorityDisinherit  tasks.o
    0x080073a8   0x080073a8   0x0000009c   Code   RO         1043    i.xTaskRemoveFromEventList  tasks.o
    0x08007444   0x08007444   0x00000108   Code   RO         1044    i.xTaskResumeAll    tasks.o
    0x0800754c   0x0800754c   0x000000c0   Code   RO         1045    i.xTaskResumeFromISR  tasks.o
    0x0800760c   0x0800760c   0x00000036   Code   RO         1368    i.xTimerCreate      timers.o
    0x08007642   0x08007642   0x00000002   PAD
    0x08007644   0x08007644   0x00000058   Code   RO         1369    i.xTimerCreateTimerTask  timers.o
    0x0800769c   0x0800769c   0x00000084   Code   RO         1370    i.xTimerGenericCommand  timers.o
    0x08007720   0x08007720   0x0000000a   Code   RO         4985    x$fpl$fpinit        fz_wm.l(fpinit.o)
    0x0800772a   0x0800772a   0x00000000   Code   RO         4717    x$fpl$usenofp       fz_wm.l(usenofp.o)
    0x0800772a   0x0800772a   0x00000017   Data   RO         1654    .constdata          retarget_io.o
    0x08007741   0x08007741   0x00000008   Data   RO         2295    .constdata          stm32f4xx_hal_dma.o
    0x08007749   0x08007749   0x00000018   Data   RO         4598    .constdata          system_stm32f4xx.o
    0x08007761   0x08007761   0x00000003   PAD
    0x08007764   0x08007764   0x00000020   Data   RO         4735    .constdata          m_wm.l(rredf.o)
    0x08007784   0x08007784   0x00000020   Data   RO         5067    Region$$Table       anon$$obj.o


    Execution Region ER_RW (Exec base: 0x20000000, Load base: 0x080077a4, Size: 0x00000130, Max: 0xffffffff, ABSOLUTE, COMPRESSED[0x0000005c])

    Exec Addr    Load Addr    Size         Type   Attr      Idx    E Section Name        Object

    0x20000000   COMPRESSED   0x00000090   Data   RW           31    .data               main.o
    0x20000090   COMPRESSED   0x00000002   Data   RW          348    .data               my_cs43l22.o
    0x20000092   COMPRESSED   0x00000002   PAD
    0x20000094   COMPRESSED   0x00000040   Data   RW         1047    .data               tasks.o
    0x200000d4   COMPRESSED   0x00000014   Data   RW         1376    .data               timers.o
    0x200000e8   COMPRESSED   0x00000020   Data   RW         1521    .data               heap_4.o
    0x20000108   COMPRESSED   0x0000000c   Data   RW         1577    .data               port.o
    0x20000114   COMPRESSED   0x00000009   Data   RW         1756    .data               stm32f4xx_hal.o
    0x2000011d   COMPRESSED   0x00000003   PAD
    0x20000120   COMPRESSED   0x00000004   Data   RW         4599    .data               system_stm32f4xx.o
    0x20000124   COMPRESSED   0x00000004   Data   RW         4712    .data               c_w.l(stdio_streams.o)
    0x20000128   COMPRESSED   0x00000004   Data   RW         4713    .data               c_w.l(stdio_streams.o)
    0x2000012c   COMPRESSED   0x00000004   Data   RW         4714    .data               c_w.l(stdio_streams.o)


    Execution Region ER_ZI (Exec base: 0x20000130, Load base: 0x08007800, Size: 0x0000ac18, Max: 0xffffffff, ABSOLUTE)

    Exec Addr    Load Addr    Size         Type   Attr      Idx    E Section Name        Object

    0x20000130        -       0x00000334   Zero   RW           30    .bss                main.o
    0x20000464        -       0x00000054   Zero   RW          347    .bss                my_cs43l22.o
    0x200004b8        -       0x00000040   Zero   RW          645    .bss                queue.o
    0x200004f8        -       0x000000c8   Zero   RW         1046    .bss                tasks.o
    0x200005c0        -       0x00000028   Zero   RW         1375    .bss                timers.o
    0x200005e8        -       0x0000a000   Zero   RW         1520    .bss                heap_4.o
    0x2000a5e8        -       0x00000054   Zero   RW         4709    .bss                c_w.l(stdio_streams.o)
    0x2000a63c        -       0x00000054   Zero   RW         4710    .bss                c_w.l(stdio_streams.o)
    0x2000a690        -       0x00000054   Zero   RW         4711    .bss                c_w.l(stdio_streams.o)
    0x2000a6e4        -       0x00000060   Zero   RW         4776    .bss                c_w.l(libspace.o)
    0x2000a744   0x08007800   0x00000004   PAD
    0x2000a748        -       0x00000200   Zero   RW         4587    HEAP                startup_stm32f407xx.o
    0x2000a948        -       0x00000400   Zero   RW         4586    STACK               startup_stm32f407xx.o


==============================================================================

Image component sizes


      Code (inc. data)   RO Data    RW Data    ZI Data      Debug   Object Name

         0          0          0          0          0      13952   event_groups.o
       776         74          0         32      40960       5543   heap_4.o
       148          0          0          0          0       3966   list.o
      3032        806          0        144        820     722663   main.o
      1000         56          0          2         84       5106   my_cs43l22.o
      1038         98          0         12          0      13141   port.o
      1926         20          0          0         64      18578   queue.o
       388         30         23          0          0       7150   retarget_io.o
        64         26        392          0       1536        916   startup_stm32f407xx.o
       160         30          0          9          0       9333   stm32f4xx_hal.o
       312         22          0          0          0      34919   stm32f4xx_hal_cortex.o
      1394         16          8          0          0       7067   stm32f4xx_hal_dma.o
       524         46          0          0          0       2676   stm32f4xx_hal_gpio.o
      2800         48          0          0          0      12382   stm32f4xx_hal_i2c.o
      1960         40          0          0          0      11859   stm32f4xx_hal_i2s.o
       912         26          0          0          0       5263   stm32f4xx_hal_i2s_ex.o
       480         40          0          0          0       2813   stm32f4xx_hal_msp.o
      1768         74          0          0          0       5589   stm32f4xx_hal_rcc.o
       560         38          0          0          0       2573   stm32f4xx_hal_rcc_ex.o
      1192         90          0          0          0      10718   stm32f4xx_hal_tim.o
       100         18         24          4          0       1479   system_stm32f4xx.o
      3150        422          0         64        200      33620   tasks.o
      1376        110          0         20         40      29838   timers.o

    ----------------------------------------------------------------------
     25092       2130        482        292      43704     961144   Object Totals
         0          0         32          0          0          0   (incl. Generated)
        32          0          3          5          0          0   (incl. Padding)

    ----------------------------------------------------------------------

      Code (inc. data)   RO Data    RW Data    ZI Data      Debug   Library Member Name

        90          0          0          0          0          0   __dczerorl2.o
         8          0          0          0          0         68   __main.o
       104          0          0          0          0         84   __printf.o
         0          0          0          0          0          0   __rtentry.o
        12          0          0          0          0          0   __rtentry2.o
         6          0          0          0          0          0   __rtentry4.o
        52          8          0          0          0          0   __scatter.o
        28          0          0          0          0          0   __scatter_zi.o
        44          0          0          0          0        108   _printf_char.o
        48          6          0          0          0         96   _printf_char_common.o
        36          4          0          0          0         80   _printf_char_file.o
         6          0          0          0          0          0   _printf_d.o
       120         16          0          0          0         92   _printf_dec.o
       178          0          0          0          0         88   _printf_intcommon.o
         0          0          0          0          0          0   _printf_percent.o
         4          0          0          0          0          0   _printf_percent_end.o
         6          0          0          0          0          0   _printf_s.o
        82          0          0          0          0         80   _printf_str.o
        22          0          0          0          0        100   _rserrno.o
        16          0          0          0          0         68   aeabi_memset.o
        10          0          0          0          0         68   defsig_exit.o
        50          0          0          0          0         88   defsig_general.o
        80         58          0          0          0         76   defsig_rtmem_inner.o
        14          0          0          0          0         80   defsig_rtmem_outer.o
        52         38          0          0          0         76   defsig_rtred_inner.o
        14          0          0          0          0         80   defsig_rtred_outer.o
        18          0          0          0          0         80   exit.o
        76          0          0          0          0         88   fclose.o
         8          0          0          0          0         68   ferror.o
       470          0          0          0          0         88   flsbuf.o
       236          4          0          0          0        128   fopen.o
        26          0          0          0          0         68   fputc.o
       248          6          0          0          0         84   fseek.o
        66          0          0          0          0         76   ftell.o
        94          0          0          0          0         80   h1_alloc.o
        52          0          0          0          0         68   h1_extend.o
        78          0          0          0          0         80   h1_free.o
        14          0          0          0          0         84   h1_init.o
         6          0          0          0          0        152   heapauxi.o
         4          0          0          0          0        136   hguard.o
         0          0          0          0          0          0   indicate_semi.o
       138          0          0          0          0        168   init_alloc.o
       312         46          0          0          0        112   initio.o
         2          0          0          0          0          0   libinit.o
        18          0          0          0          0          0   libinit2.o
         2          0          0          0          0          0   libshutdown.o
         6          0          0          0          0          0   libshutdown2.o
         8          4          0          0         96         68   libspace.o
       238          0          0          0          0        100   lludivv7m.o
         0          0          0          0          0          0   maybetermalloc1.o
        24          4          0          0          0         84   noretval__2printf.o
         8          4          0          0          0         68   rt_errno_addr_intlibspace.o
         8          4          0          0          0         68   rt_heap_descriptor_intlibspace.o
        68          0          0          0          0         68   rt_memclr.o
        78          0          0          0          0         80   rt_memclr_w.o
       138          0          0          0          0         68   rt_memcpy_v6.o
       100          0          0          0          0         80   rt_memcpy_w.o
         2          0          0          0          0          0   rtexit.o
        10          0          0          0          0          0   rtexit2.o
        70          0          0          0          0         80   setvbuf.o
       240          6          0          0          0        156   stdio.o
         0          0          0         12        252          0   stdio_streams.o
       128          0          0          0          0         68   strcmpv7m.o
        12          4          0          0          0         68   sys_exit.o
        74          0          0          0          0         80   sys_stackheap_outer.o
        14          0          0          0          0         76   sys_wrch.o
         2          0          0          0          0         68   use_no_semi.o
        10          0          0          0          0        116   fpinit.o
         0          0          0          0          0          0   usenofp.o
        38          0          0          0          0        116   fpclassifyf.o
        38         12          0          0          0        348   funder.o
       340         24         32          0          0        160   rredf.o
       400         56          0          0          0        212   sinf.o

    ----------------------------------------------------------------------
      5022        304         32         12        352       5124   Library Totals
        18          0          0          0          4          0   (incl. Padding)

    ----------------------------------------------------------------------

      Code (inc. data)   RO Data    RW Data    ZI Data      Debug   Library Name

      4178        212          0         12        348       4172   c_w.l
        10          0          0          0          0        116   fz_wm.l
       816         92         32          0          0        836   m_wm.l

    ----------------------------------------------------------------------
      5022        304         32         12        352       5124   Library Totals

    ----------------------------------------------------------------------

==============================================================================


      Code (inc. data)   RO Data    RW Data    ZI Data      Debug   

     30114       2434        514        304      44056     945828   Grand Totals
     30114       2434        514         92      44056     945828   ELF Image Totals (compressed)
     30114       2434        514         92          0          0   ROM Totals

==============================================================================

    Total RO  Size (Code + RO Data)                30628 (  29.91kB)
    Total RW  Size (RW Data + ZI Data)             44360 (  43.32kB)
    Total ROM Size (Code + RO Data + RW Data)      30720 (  30.00kB)

==============================================================================

